Component: ARM Compiler 5.06 update 5 (build 528) Tool: armlink [4d35e2]

==============================================================================

Section Cross References

    main.o(i.HAL_GPIO_EXTI_Callback) refers to main.o(.data) for ppgReady
    main.o(i.MX_GPIO_Init) refers to stm32l4xx_hal_gpio.o(i.HAL_GPIO_Init) for HAL_GPIO_Init
    main.o(i.MX_GPIO_Init) refers to stm32l4xx_hal_cortex.o(i.HAL_NVIC_SetPriority) for HAL_NVIC_SetPriority
    main.o(i.MX_GPIO_Init) refers to stm32l4xx_hal_cortex.o(i.HAL_NVIC_EnableIRQ) for HAL_NVIC_EnableIRQ
    main.o(i.MX_I2C1_Init) refers to stm32l4xx_hal_i2c.o(i.HAL_I2C_Init) for HAL_I2C_Init
    main.o(i.MX_I2C1_Init) refers to main.o(i._Error_Handler) for _Error_Handler
    main.o(i.MX_I2C1_Init) refers to stm32l4xx_hal_i2c_ex.o(i.HAL_I2CEx_ConfigAnalogFilter) for HAL_I2CEx_ConfigAnalogFilter
    main.o(i.MX_I2C1_Init) refers to stm32l4xx_hal_i2c_ex.o(i.HAL_I2CEx_ConfigDigitalFilter) for HAL_I2CEx_ConfigDigitalFilter
    main.o(i.MX_I2C1_Init) refers to main.o(.bss) for hi2c1
    main.o(i.MX_UART4_Init) refers to stm32l4xx_hal_uart.o(i.HAL_UART_Init) for HAL_UART_Init
    main.o(i.MX_UART4_Init) refers to main.o(i._Error_Handler) for _Error_Handler
    main.o(i.MX_UART4_Init) refers to main.o(.bss) for huart4
    main.o(i.SystemClock_Config) refers to stm32l4xx_hal_rcc.o(i.HAL_RCC_OscConfig) for HAL_RCC_OscConfig
    main.o(i.SystemClock_Config) refers to main.o(i._Error_Handler) for _Error_Handler
    main.o(i.SystemClock_Config) refers to stm32l4xx_hal_rcc.o(i.HAL_RCC_ClockConfig) for HAL_RCC_ClockConfig
    main.o(i.SystemClock_Config) refers to stm32l4xx_hal_rcc_ex.o(i.HAL_RCCEx_PeriphCLKConfig) for HAL_RCCEx_PeriphCLKConfig
    main.o(i.SystemClock_Config) refers to stm32l4xx_hal_pwr_ex.o(i.HAL_PWREx_ControlVoltageScaling) for HAL_PWREx_ControlVoltageScaling
    main.o(i.SystemClock_Config) refers to stm32l4xx_hal_rcc.o(i.HAL_RCC_GetHCLKFreq) for HAL_RCC_GetHCLKFreq
    main.o(i.SystemClock_Config) refers to stm32l4xx_hal_cortex.o(i.HAL_SYSTICK_Config) for HAL_SYSTICK_Config
    main.o(i.SystemClock_Config) refers to stm32l4xx_hal_cortex.o(i.HAL_SYSTICK_CLKSourceConfig) for HAL_SYSTICK_CLKSourceConfig
    main.o(i.SystemClock_Config) refers to stm32l4xx_hal_cortex.o(i.HAL_NVIC_SetPriority) for HAL_NVIC_SetPriority
    main.o(i.main) refers to stm32l4xx_hal.o(i.HAL_Init) for HAL_Init
    main.o(i.main) refers to main.o(i.SystemClock_Config) for SystemClock_Config
    main.o(i.main) refers to main.o(i.MX_GPIO_Init) for MX_GPIO_Init
    main.o(i.main) refers to main.o(i.MX_I2C1_Init) for MX_I2C1_Init
    main.o(i.main) refers to main.o(i.MX_UART4_Init) for MX_UART4_Init
    main.o(i.main) refers to max30101_new.o(i.max30101_init) for max30101_init
    main.o(i.main) refers to max30101_new.o(i.max30101_on) for max30101_on
    main.o(i.main) refers to max30101_new.o(i.max30101_sample_fetch) for max30101_sample_fetch
    main.o(i.main) refers to stm32l4xx_hal_uart.o(i.HAL_UART_Transmit) for HAL_UART_Transmit
    main.o(i.main) refers to main.o(.data) for frame
    main.o(i.main) refers to main.o(.bss) for huart4
    stm32l4xx_it.o(i.EXTI15_10_IRQHandler) refers to stm32l4xx_hal_gpio.o(i.HAL_GPIO_EXTI_IRQHandler) for HAL_GPIO_EXTI_IRQHandler
    stm32l4xx_it.o(i.SysTick_Handler) refers to stm32l4xx_hal.o(i.HAL_IncTick) for HAL_IncTick
    stm32l4xx_it.o(i.SysTick_Handler) refers to stm32l4xx_hal_cortex.o(i.HAL_SYSTICK_IRQHandler) for HAL_SYSTICK_IRQHandler
    max30101_new.o(i.max30101_init) refers to stm32l4xx_hal_i2c.o(i.HAL_I2C_Master_Transmit) for HAL_I2C_Master_Transmit
    max30101_new.o(i.max30101_init) refers to stm32l4xx_hal_i2c.o(i.HAL_I2C_Master_Receive) for HAL_I2C_Master_Receive
    max30101_new.o(i.max30101_init) refers to max30101_new.o(.data) for MAX30101_REG_MODE_CFG
    max30101_new.o(i.max30101_init) refers to main.o(.bss) for hi2c1
    max30101_new.o(i.max30101_off) refers to stm32l4xx_hal_i2c.o(i.HAL_I2C_Master_Transmit) for HAL_I2C_Master_Transmit
    max30101_new.o(i.max30101_off) refers to stm32l4xx_hal_i2c.o(i.HAL_I2C_Master_Receive) for HAL_I2C_Master_Receive
    max30101_new.o(i.max30101_off) refers to max30101_new.o(.data) for MAX30101_REG_MODE_CFG
    max30101_new.o(i.max30101_off) refers to main.o(.bss) for hi2c1
    max30101_new.o(i.max30101_on) refers to stm32l4xx_hal_i2c.o(i.HAL_I2C_Master_Transmit) for HAL_I2C_Master_Transmit
    max30101_new.o(i.max30101_on) refers to stm32l4xx_hal_i2c.o(i.HAL_I2C_Master_Receive) for HAL_I2C_Master_Receive
    max30101_new.o(i.max30101_on) refers to max30101_new.o(.data) for MAX30101_REG_MODE_CFG
    max30101_new.o(i.max30101_on) refers to main.o(.bss) for hi2c1
    max30101_new.o(i.max30101_sample_fetch) refers to stm32l4xx_hal_i2c.o(i.HAL_I2C_Master_Transmit) for HAL_I2C_Master_Transmit
    max30101_new.o(i.max30101_sample_fetch) refers to stm32l4xx_hal_i2c.o(i.HAL_I2C_Master_Receive) for HAL_I2C_Master_Receive
[...]
    Removing stm32l4xx_hal_gpio.o(.revsh_text), (4 bytes).
    Removing stm32l4xx_hal_gpio.o(.rrx_text), (6 bytes).
    Removing stm32l4xx_hal_gpio.o(i.HAL_GPIO_DeInit), (328 bytes).
    Removing stm32l4xx_hal_gpio.o(i.HAL_GPIO_EXTI_Callback), (2 bytes).
    Removing stm32l4xx_hal_gpio.o(i.HAL_GPIO_LockPin), (46 bytes).
    Removing stm32l4xx_hal_gpio.o(i.HAL_GPIO_ReadPin), (16 bytes).
    Removing stm32l4xx_hal_gpio.o(i.HAL_GPIO_TogglePin), (8 bytes).
    Removing stm32l4xx_hal_gpio.o(i.HAL_GPIO_WritePin), (10 bytes).
    Removing stm32l4xx_hal_i2c.o(.rev16_text), (4 bytes).
    Removing stm32l4xx_hal_i2c.o(.revsh_text), (4 bytes).
    Removing stm32l4xx_hal_i2c.o(.rrx_text), (6 bytes).
    Removing stm32l4xx_hal_i2c.o(i.HAL_I2C_AbortCpltCallback), (2 bytes).
    Removing stm32l4xx_hal_i2c.o(i.HAL_I2C_AddrCallback), (2 bytes).
    Removing stm32l4xx_hal_i2c.o(i.HAL_I2C_DeInit), (60 bytes).
    Removing stm32l4xx_hal_i2c.o(i.HAL_I2C_DisableListen_IT), (54 bytes).
    Removing stm32l4xx_hal_i2c.o(i.HAL_I2C_ER_IRQHandler), (114 bytes).
    Removing stm32l4xx_hal_i2c.o(i.HAL_I2C_EV_IRQHandler), (28 bytes).
    Removing stm32l4xx_hal_i2c.o(i.HAL_I2C_EnableListen_IT), (44 bytes).
    Removing stm32l4xx_hal_i2c.o(i.HAL_I2C_ErrorCallback), (2 bytes).
    Removing stm32l4xx_hal_i2c.o(i.HAL_I2C_GetError), (6 bytes).
    Removing stm32l4xx_hal_i2c.o(i.HAL_I2C_GetMode), (8 bytes).
    Removing stm32l4xx_hal_i2c.o(i.HAL_I2C_GetState), (8 bytes).
    Removing stm32l4xx_hal_i2c.o(i.HAL_I2C_IsDeviceReady), (344 bytes).
    Removing stm32l4xx_hal_i2c.o(i.HAL_I2C_ListenCpltCallback), (2 bytes).
    Removing stm32l4xx_hal_i2c.o(i.HAL_I2C_MasterRxCpltCallback), (2 bytes).
    Removing stm32l4xx_hal_i2c.o(i.HAL_I2C_MasterTxCpltCallback), (2 bytes).
    Removing stm32l4xx_hal_i2c.o(i.HAL_I2C_Master_Abort_IT), (102 bytes).
    Removing stm32l4xx_hal_i2c.o(i.HAL_I2C_Master_Receive_DMA), (292 bytes).
    Removing stm32l4xx_hal_i2c.o(i.HAL_I2C_Master_Receive_IT), (168 bytes).
    Removing stm32l4xx_hal_i2c.o(i.HAL_I2C_Master_Sequential_Receive_IT), (174 bytes).
    Removing stm32l4xx_hal_i2c.o(i.HAL_I2C_Master_Sequential_Transmit_IT), (174 bytes).
    Removing stm32l4xx_hal_i2c.o(i.HAL_I2C_Master_Transmit_DMA), (292 bytes).
    Removing stm32l4xx_hal_i2c.o(i.HAL_I2C_Master_Transmit_IT), (168 bytes).
    Removing stm32l4xx_hal_i2c.o(i.HAL_I2C_MemRxCpltCallback), (2 bytes).
    Removing stm32l4xx_hal_i2c.o(i.HAL_I2C_MemTxCpltCallback), (2 bytes).
    Removing stm32l4xx_hal_i2c.o(i.HAL_I2C_Mem_Read), (450 bytes).
    Removing stm32l4xx_hal_i2c.o(i.HAL_I2C_Mem_Read_DMA), (318 bytes).
    Removing stm32l4xx_hal_i2c.o(i.HAL_I2C_Mem_Read_IT), (250 bytes).
    Removing stm32l4xx_hal_i2c.o(i.HAL_I2C_Mem_Write), (446 bytes).
    Removing stm32l4xx_hal_i2c.o(i.HAL_I2C_Mem_Write_DMA), (318 bytes).
    Removing stm32l4xx_hal_i2c.o(i.HAL_I2C_Mem_Write_IT), (246 bytes).
    Removing stm32l4xx_hal_i2c.o(i.HAL_I2C_MspDeInit), (2 bytes).
    Removing stm32l4xx_hal_i2c.o(i.HAL_I2C_MspInit), (2 bytes).
    Removing stm32l4xx_hal_i2c.o(i.HAL_I2C_SlaveRxCpltCallback), (2 bytes).
    Removing stm32l4xx_hal_i2c.o(i.HAL_I2C_SlaveTxCpltCallback), (2 bytes).
    Removing stm32l4xx_hal_i2c.o(i.HAL_I2C_Slave_Receive), (378 bytes).
    Removing stm32l4xx_hal_i2c.o(i.HAL_I2C_Slave_Receive_DMA), (184 bytes).
    Removing stm32l4xx_hal_i2c.o(i.HAL_I2C_Slave_Receive_IT), (116 bytes).
    Removing stm32l4xx_hal_i2c.o(i.HAL_I2C_Slave_Sequential_Receive_IT), (168 bytes).
    Removing stm32l4xx_hal_i2c.o(i.HAL_I2C_Slave_Sequential_Transmit_IT), (168 bytes).
    Removing stm32l4xx_hal_i2c.o(i.HAL_I2C_Slave_Transmit), (392 bytes).
    Removing stm32l4xx_hal_i2c.o(i.HAL_I2C_Slave_Transmit_DMA), (184 bytes).
    Removing stm32l4xx_hal_i2c.o(i.HAL_I2C_Slave_Transmit_IT), (116 bytes).
    Removing stm32l4xx_hal_i2c.o(i.I2C_DMAAbort), (58 bytes).
    Removing stm32l4xx_hal_i2c.o(i.I2C_DMAError), (28 bytes).
    Removing stm32l4xx_hal_i2c.o(i.I2C_DMAMasterReceiveCplt), (82 bytes).
    Removing stm32l4xx_hal_i2c.o(i.I2C_DMAMasterTransmitCplt), (82 bytes).
    Removing stm32l4xx_hal_i2c.o(i.I2C_DMASlaveReceiveCplt), (2 bytes).
    Removing stm32l4xx_hal_i2c.o(i.I2C_DMASlaveTransmitCplt), (2 bytes).
    Removing stm32l4xx_hal_i2c.o(i.I2C_Disable_IRQ), (124 bytes).
    Removing stm32l4xx_hal_i2c.o(i.I2C_Enable_IRQ), (140 bytes).
    Removing stm32l4xx_hal_i2c.o(i.I2C_ITAddrCplt), (210 bytes).
    Removing stm32l4xx_hal_i2c.o(i.I2C_ITError), (280 bytes).
    Removing stm32l4xx_hal_i2c.o(i.I2C_ITListenCplt), (108 bytes).
    Removing stm32l4xx_hal_i2c.o(i.I2C_ITMasterCplt), (232 bytes).
    Removing stm32l4xx_hal_i2c.o(i.I2C_ITMasterSequentialCplt), (98 bytes).
    Removing stm32l4xx_hal_i2c.o(i.I2C_ITSlaveCplt), (304 bytes).
    Removing stm32l4xx_hal_i2c.o(i.I2C_ITSlaveSequentialCplt), (98 bytes).
    Removing stm32l4xx_hal_i2c.o(i.I2C_Master_ISR_DMA), (252 bytes).
    Removing stm32l4xx_hal_i2c.o(i.I2C_Master_ISR_IT), (398 bytes).
    Removing stm32l4xx_hal_i2c.o(i.I2C_RequestMemoryRead), (140 bytes).
    Removing stm32l4xx_hal_i2c.o(i.I2C_RequestMemoryWrite), (140 bytes).
    Removing stm32l4xx_hal_i2c.o(i.I2C_Slave_ISR_DMA), (144 bytes).
    Removing stm32l4xx_hal_i2c.o(i.I2C_Slave_ISR_IT), (320 bytes).
    Removing stm32l4xx_hal_i2c_ex.o(.rev16_text), (4 bytes).
    Removing stm32l4xx_hal_i2c_ex.o(.revsh_text), (4 bytes).
    Removing stm32l4xx_hal_i2c_ex.o(.rrx_text), (6 bytes).
    Removing stm32l4xx_hal_i2c_ex.o(i.HAL_I2CEx_DisableFastModePlus), (52 bytes).
    Removing stm32l4xx_hal_i2c_ex.o(i.HAL_I2CEx_DisableWakeUp), (96 bytes).
    Removing stm32l4xx_hal_i2c_ex.o(i.HAL_I2CEx_EnableFastModePlus), (52 bytes).
    Removing stm32l4xx_hal_i2c_ex.o(i.HAL_I2CEx_EnableWakeUp), (96 bytes).
    Removing stm32l4xx_hal_pwr.o(.rev16_text), (4 bytes).
    Removing stm32l4xx_hal_pwr.o(.revsh_text), (4 bytes).
    Removing stm32l4xx_hal_pwr.o(.rrx_text), (6 bytes).
    Removing stm32l4xx_hal_pwr.o(i.HAL_PWR_ConfigPVD), (184 bytes).
    Removing stm32l4xx_hal_pwr.o(i.HAL_PWR_DeInit), (28 bytes).
    Removing stm32l4xx_hal_pwr.o(i.HAL_PWR_DisableBkUpAccess), (20 bytes).
    Removing stm32l4xx_hal_pwr.o(i.HAL_PWR_DisablePVD), (20 bytes).
    Removing stm32l4xx_hal_pwr.o(i.HAL_PWR_DisableSEVOnPend), (20 bytes).
    Removing stm32l4xx_hal_pwr.o(i.HAL_PWR_DisableSleepOnExit), (20 bytes).
    Removing stm32l4xx_hal_pwr.o(i.HAL_PWR_DisableWakeUpPin), (20 bytes).
    Removing stm32l4xx_hal_pwr.o(i.HAL_PWR_EnableBkUpAccess), (20 bytes).
    Removing stm32l4xx_hal_pwr.o(i.HAL_PWR_EnablePVD), (20 bytes).
    Removing stm32l4xx_hal_pwr.o(i.HAL_PWR_EnableSEVOnPend), (20 bytes).
    Removing stm32l4xx_hal_pwr.o(i.HAL_PWR_EnableSleepOnExit), (20 bytes).
    Removing stm32l4xx_hal_pwr.o(i.HAL_PWR_EnableWakeUpPin), (40 bytes).
    Removing stm32l4xx_hal_pwr.o(i.HAL_PWR_EnterSLEEPMode), (76 bytes).
    Removing stm32l4xx_hal_pwr.o(i.HAL_PWR_EnterSTANDBYMode), (44 bytes).
    Removing stm32l4xx_hal_pwr.o(i.HAL_PWR_EnterSTOPMode), (28 bytes).
    Removing stm32l4xx_hal_pwr.o(i.HAL_PWR_PVDCallback), (2 bytes).
    Removing stm32l4xx_hal_pwr_ex.o(.rev16_text), (4 bytes).
    Removing stm32l4xx_hal_pwr_ex.o(.revsh_text), (4 bytes).
    Removing stm32l4xx_hal_pwr_ex.o(.rrx_text), (6 bytes).
    Removing stm32l4xx_hal_pwr_ex.o(i.HAL_PWREx_ConfigPVM), (668 bytes).
    Removing stm32l4xx_hal_pwr_ex.o(i.HAL_PWREx_DisableBatteryCharging), (20 bytes).
    Removing stm32l4xx_hal_pwr_ex.o(i.HAL_PWREx_DisableGPIOPullDown), (140 bytes).
    Removing stm32l4xx_hal_pwr_ex.o(i.HAL_PWREx_DisableGPIOPullUp), (136 bytes).
    Removing stm32l4xx_hal_pwr_ex.o(i.HAL_PWREx_DisableInternalWakeUpLine), (20 bytes).
    Removing stm32l4xx_hal_pwr_ex.o(i.HAL_PWREx_DisableLowPowerRunMode), (80 bytes).
    Removing stm32l4xx_hal_pwr_ex.o(i.HAL_PWREx_DisablePVM1), (20 bytes).
    Removing stm32l4xx_hal_pwr_ex.o(i.HAL_PWREx_DisablePVM2), (20 bytes).
    Removing stm32l4xx_hal_pwr_ex.o(i.HAL_PWREx_DisablePVM3), (20 bytes).
    Removing stm32l4xx_hal_pwr_ex.o(i.HAL_PWREx_DisablePVM4), (20 bytes).
    Removing stm32l4xx_hal_pwr_ex.o(i.HAL_PWREx_DisablePullUpPullDownConfig), (20 bytes).
    Removing stm32l4xx_hal_pwr_ex.o(i.HAL_PWREx_DisableSRAM2ContentRetention), (20 bytes).
    Removing stm32l4xx_hal_pwr_ex.o(i.HAL_PWREx_DisableVddIO2), (20 bytes).
    Removing stm32l4xx_hal_pwr_ex.o(i.HAL_PWREx_DisableVddUSB), (20 bytes).
    Removing stm32l4xx_hal_pwr_ex.o(i.HAL_PWREx_EnableBatteryCharging), (32 bytes).
    Removing stm32l4xx_hal_pwr_ex.o(i.HAL_PWREx_EnableGPIOPullDown), (216 bytes).
    Removing stm32l4xx_hal_pwr_ex.o(i.HAL_PWREx_EnableGPIOPullUp), (220 bytes).
    Removing stm32l4xx_hal_pwr_ex.o(i.HAL_PWREx_EnableInternalWakeUpLine), (20 bytes).
    Removing stm32l4xx_hal_pwr_ex.o(i.HAL_PWREx_EnableLowPowerRunMode), (20 bytes).
    Removing stm32l4xx_hal_pwr_ex.o(i.HAL_PWREx_EnablePVM1), (20 bytes).
    Removing stm32l4xx_hal_pwr_ex.o(i.HAL_PWREx_EnablePVM2), (20 bytes).
    Removing stm32l4xx_hal_pwr_ex.o(i.HAL_PWREx_EnablePVM3), (20 bytes).
    Removing stm32l4xx_hal_pwr_ex.o(i.HAL_PWREx_EnablePVM4), (20 bytes).
    Removing stm32l4xx_hal_pwr_ex.o(i.HAL_PWREx_EnablePullUpPullDownConfig), (20 bytes).
    Removing stm32l4xx_hal_pwr_ex.o(i.HAL_PWREx_EnableSRAM2ContentRetention), (20 bytes).
    Removing stm32l4xx_hal_pwr_ex.o(i.HAL_PWREx_EnableVddIO2), (20 bytes).
    Removing stm32l4xx_hal_pwr_ex.o(i.HAL_PWREx_EnableVddUSB), (20 bytes).
    Removing stm32l4xx_hal_pwr_ex.o(i.HAL_PWREx_EnterSHUTDOWNMode), (44 bytes).
    Removing stm32l4xx_hal_pwr_ex.o(i.HAL_PWREx_EnterSTOP0Mode), (60 bytes).
    Removing stm32l4xx_hal_pwr_ex.o(i.HAL_PWREx_EnterSTOP1Mode), (64 bytes).
    Removing stm32l4xx_hal_pwr_ex.o(i.HAL_PWREx_EnterSTOP2Mode), (64 bytes).
    Removing stm32l4xx_hal_pwr_ex.o(i.HAL_PWREx_PVD_PVM_IRQHandler), (128 bytes).
    Removing stm32l4xx_hal_pwr_ex.o(i.HAL_PWREx_PVM1Callback), (2 bytes).
    Removing stm32l4xx_hal_pwr_ex.o(i.HAL_PWREx_PVM2Callback), (2 bytes).
    Removing stm32l4xx_hal_pwr_ex.o(i.HAL_PWREx_PVM3Callback), (2 bytes).
    Removing stm32l4xx_hal_pwr_ex.o(i.HAL_PWREx_PVM4Callback), (2 bytes).
    Removing stm32l4xx_hal_rcc.o(.rev16_text), (4 bytes).
    Removing stm32l4xx_hal_rcc.o(.revsh_text), (4 bytes).
    Removing stm32l4xx_hal_rcc.o(.rrx_text), (6 bytes).
    Removing stm32l4xx_hal_rcc.o(i.HAL_RCC_CSSCallback), (2 bytes).
    Removing stm32l4xx_hal_rcc.o(i.HAL_RCC_DeInit), (140 bytes).
    Removing stm32l4xx_hal_rcc.o(i.HAL_RCC_EnableCSS), (20 bytes).
    Removing stm32l4xx_hal_rcc.o(i.HAL_RCC_GetClockConfig), (68 bytes).
    Removing stm32l4xx_hal_rcc.o(i.HAL_RCC_GetOscConfig), (308 bytes).
    Removing stm32l4xx_hal_rcc.o(i.HAL_RCC_MCOConfig), (92 bytes).
    Removing stm32l4xx_hal_rcc.o(i.HAL_RCC_NMI_IRQHandler), (36 bytes).
    Removing stm32l4xx_hal_rcc_ex.o(.rev16_text), (4 bytes).
    Removing stm32l4xx_hal_rcc_ex.o(.revsh_text), (4 bytes).
    Removing stm32l4xx_hal_rcc_ex.o(.rrx_text), (6 bytes).
    Removing stm32l4xx_hal_rcc_ex.o(i.HAL_RCCEx_DisableLSCO), (112 bytes).
    Removing stm32l4xx_hal_rcc_ex.o(i.HAL_RCCEx_DisableLSECSS), (32 bytes).
    Removing stm32l4xx_hal_rcc_ex.o(i.HAL_RCCEx_DisableMSIPLLMode), (20 bytes).
    Removing stm32l4xx_hal_rcc_ex.o(i.HAL_RCCEx_DisablePLLSAI1), (108 bytes).
    Removing stm32l4xx_hal_rcc_ex.o(i.HAL_RCCEx_DisablePLLSAI2), (108 bytes).
    Removing stm32l4xx_hal_rcc_ex.o(i.HAL_RCCEx_EnableLSCO), (180 bytes).
    Removing stm32l4xx_hal_rcc_ex.o(i.HAL_RCCEx_EnableLSECSS), (24 bytes).
    Removing stm32l4xx_hal_rcc_ex.o(i.HAL_RCCEx_EnableLSECSS_IT), (64 bytes).
    Removing stm32l4xx_hal_rcc_ex.o(i.HAL_RCCEx_EnableMSIPLLMode), (20 bytes).
    Removing stm32l4xx_hal_rcc_ex.o(i.HAL_RCCEx_EnablePLLSAI1), (164 bytes).
    Removing stm32l4xx_hal_rcc_ex.o(i.HAL_RCCEx_EnablePLLSAI2), (152 bytes).
    Removing stm32l4xx_hal_rcc_ex.o(i.HAL_RCCEx_GetPeriphCLKConfig), (384 bytes).
    Removing stm32l4xx_hal_rcc_ex.o(i.HAL_RCCEx_GetPeriphCLKFreq), (2020 bytes).
    Removing stm32l4xx_hal_rcc_ex.o(i.HAL_RCCEx_LSECSS_Callback), (2 bytes).
    Removing stm32l4xx_hal_rcc_ex.o(i.HAL_RCCEx_LSECSS_IRQHandler), (36 bytes).
    Removing stm32l4xx_hal_rcc_ex.o(i.HAL_RCCEx_StandbyMSIRangeConfig), (28 bytes).
    Removing stm32l4xx_hal_rcc_ex.o(i.HAL_RCCEx_WakeUpStopCLKConfig), (20 bytes).
    Removing stm32l4xx_hal_uart.o(.rev16_text), (4 bytes).
    Removing stm32l4xx_hal_uart.o(.revsh_text), (4 bytes).
    Removing stm32l4xx_hal_uart.o(.rrx_text), (6 bytes).
    Removing stm32l4xx_hal_uart.o(i.HAL_HalfDuplex_EnableReceiver), (74 bytes).
    Removing stm32l4xx_hal_uart.o(i.HAL_HalfDuplex_EnableTransmitter), (74 bytes).
    Removing stm32l4xx_hal_uart.o(i.HAL_HalfDuplex_Init), (124 bytes).
    Removing stm32l4xx_hal_uart.o(i.HAL_LIN_Init), (160 bytes).
    Removing stm32l4xx_hal_uart.o(i.HAL_LIN_SendBreak), (62 bytes).
    Removing stm32l4xx_hal_uart.o(i.HAL_MultiProcessor_DisableMuteMode), (58 bytes).
    Removing stm32l4xx_hal_uart.o(i.HAL_MultiProcessor_EnableMuteMode), (58 bytes).
    Removing stm32l4xx_hal_uart.o(i.HAL_MultiProcessor_EnterMuteMode), (14 bytes).
    Removing stm32l4xx_hal_uart.o(i.HAL_MultiProcessor_Init), (148 bytes).
    Removing stm32l4xx_hal_uart.o(i.HAL_UART_Abort), (148 bytes).
    Removing stm32l4xx_hal_uart.o(i.HAL_UART_AbortCpltCallback), (2 bytes).
    Removing stm32l4xx_hal_uart.o(i.HAL_UART_AbortReceive), (100 bytes).
    Removing stm32l4xx_hal_uart.o(i.HAL_UART_AbortReceiveCpltCallback), (2 bytes).
    Removing stm32l4xx_hal_uart.o(i.HAL_UART_AbortReceive_IT), (152 bytes).
    Removing stm32l4xx_hal_uart.o(i.HAL_UART_AbortTransmit), (70 bytes).
    Removing stm32l4xx_hal_uart.o(i.HAL_UART_AbortTransmitCpltCallback), (2 bytes).
    Removing stm32l4xx_hal_uart.o(i.HAL_UART_AbortTransmit_IT), (116 bytes).
    Removing stm32l4xx_hal_uart.o(i.HAL_UART_Abort_IT), (244 bytes).
    Removing stm32l4xx_hal_uart.o(i.HAL_UART_DMAPause), (122 bytes).
    Removing stm32l4xx_hal_uart.o(i.HAL_UART_DMAResume), (108 bytes).
    Removing stm32l4xx_hal_uart.o(i.HAL_UART_DMAStop), (100 bytes).
    Removing stm32l4xx_hal_uart.o(i.HAL_UART_DeInit), (72 bytes).
    Removing stm32l4xx_hal_uart.o(i.HAL_UART_ErrorCallback), (2 bytes).
    Removing stm32l4xx_hal_uart.o(i.HAL_UART_GetError), (6 bytes).
    Removing stm32l4xx_hal_uart.o(i.HAL_UART_GetState), (20 bytes).
    Removing stm32l4xx_hal_uart.o(i.HAL_UART_IRQHandler), (404 bytes).
    Removing stm32l4xx_hal_uart.o(i.HAL_UART_MspDeInit), (2 bytes).
    Removing stm32l4xx_hal_uart.o(i.HAL_UART_MspInit), (2 bytes).
    Removing stm32l4xx_hal_uart.o(i.HAL_UART_Receive), (278 bytes).
    Removing stm32l4xx_hal_uart.o(i.HAL_UART_Receive_DMA), (168 bytes).
    Removing stm32l4xx_hal_uart.o(i.HAL_UART_Receive_IT), (224 bytes).
    Removing stm32l4xx_hal_uart.o(i.HAL_UART_RxCpltCallback), (2 bytes).
    Removing stm32l4xx_hal_uart.o(i.HAL_UART_RxHalfCpltCallback), (2 bytes).
    Removing stm32l4xx_hal_uart.o(i.HAL_UART_Transmit_DMA), (156 bytes).
    Removing stm32l4xx_hal_uart.o(i.HAL_UART_Transmit_IT), (124 bytes).
    Removing stm32l4xx_hal_uart.o(i.HAL_UART_TxCpltCallback), (2 bytes).
    Removing stm32l4xx_hal_uart.o(i.HAL_UART_TxHalfCpltCallback), (2 bytes).
    Removing stm32l4xx_hal_uart.o(i.UART_DMAAbortOnError), (24 bytes).
    Removing stm32l4xx_hal_uart.o(i.UART_DMAError), (82 bytes).
    Removing stm32l4xx_hal_uart.o(i.UART_DMAReceiveCplt), (72 bytes).
    Removing stm32l4xx_hal_uart.o(i.UART_DMARxAbortCallback), (74 bytes).
    Removing stm32l4xx_hal_uart.o(i.UART_DMARxHalfCplt), (14 bytes).
    Removing stm32l4xx_hal_uart.o(i.UART_DMARxOnlyAbortCallback), (44 bytes).
    Removing stm32l4xx_hal_uart.o(i.UART_DMATransmitCplt), (56 bytes).
    Removing stm32l4xx_hal_uart.o(i.UART_DMATxAbortCallback), (62 bytes).
    Removing stm32l4xx_hal_uart.o(i.UART_DMATxHalfCplt), (14 bytes).
    Removing stm32l4xx_hal_uart.o(i.UART_DMATxOnlyAbortCallback), (26 bytes).
    Removing stm32l4xx_hal_uart.o(i.UART_EndRxTransfer), (36 bytes).
    Removing stm32l4xx_hal_uart.o(i.UART_EndTransmit_IT), (34 bytes).
    Removing stm32l4xx_hal_uart.o(i.UART_EndTxTransfer), (20 bytes).
    Removing stm32l4xx_hal_uart.o(i.UART_RxISR_16BIT), (108 bytes).
    Removing stm32l4xx_hal_uart.o(i.UART_RxISR_8BIT), (102 bytes).
    Removing stm32l4xx_hal_uart.o(i.UART_TxISR_16BIT), (70 bytes).
    Removing stm32l4xx_hal_uart.o(i.UART_TxISR_8BIT), (64 bytes).
    Removing stm32l4xx_hal_uart_ex.o(.rev16_text), (4 bytes).
    Removing stm32l4xx_hal_uart_ex.o(.revsh_text), (4 bytes).
    Removing stm32l4xx_hal_uart_ex.o(.rrx_text), (6 bytes).
    Removing stm32l4xx_hal_uart_ex.o(i.HAL_MultiProcessorEx_AddressLength_Set), (64 bytes).
    Removing stm32l4xx_hal_uart_ex.o(i.HAL_RS485Ex_Init), (156 bytes).
    Removing stm32l4xx_hal_uart_ex.o(i.HAL_UARTEx_DisableStopMode), (62 bytes).
    Removing stm32l4xx_hal_uart_ex.o(i.HAL_UARTEx_EnableStopMode), (62 bytes).
    Removing stm32l4xx_hal_uart_ex.o(i.HAL_UARTEx_StopModeWakeUpSourceConfig), (146 bytes).
    Removing stm32l4xx_hal_uart_ex.o(i.HAL_UARTEx_WakeupCallback), (2 bytes).
    Removing stm32l4xx_hal_uart_ex.o(i.UARTEx_Wakeup_AddressConfig), (38 bytes).
    Removing system_stm32l4xx.o(.rev16_text), (4 bytes).
    Removing system_stm32l4xx.o(.revsh_text), (4 bytes).
    Removing system_stm32l4xx.o(.rrx_text), (6 bytes).
    Removing system_stm32l4xx.o(i.SystemCoreClockUpdate), (236 bytes).

319 unused section(s) (total 24990 bytes) removed from the image.

==============================================================================

Image Symbol Table

    Local Symbols

    Symbol Name                              Value     Ov Type        Size  Object(Section)

    ../clib/angel/boardlib.s                 0x00000000   Number         0  boardinit2.o ABSOLUTE
    ../clib/angel/boardlib.s                 0x00000000   Number         0  boardinit1.o ABSOLUTE
    ../clib/angel/boardlib.s                 0x00000000   Number         0  boardinit3.o ABSOLUTE
    ../clib/angel/boardlib.s                 0x00000000   Number         0  boardshut.o ABSOLUTE
    ../clib/angel/handlers.s                 0x00000000   Number         0  __scatter_zi.o ABSOLUTE
    ../clib/angel/handlers.s                 0x00000000   Number         0  __scatter_copy.o ABSOLUTE
    ../clib/angel/kernel.s                   0x00000000   Number         0  __rtentry2.o ABSOLUTE
    ../clib/angel/kernel.s                   0x00000000   Number         0  rtexit2.o ABSOLUTE
    ../clib/angel/kernel.s                   0x00000000   Number         0  __rtentry4.o ABSOLUTE
    ../clib/angel/kernel.s                   0x00000000   Number         0  __rtentry.o ABSOLUTE
    ../clib/angel/kernel.s                   0x00000000   Number         0  rtexit.o ABSOLUTE
    ../clib/angel/rt.s                       0x00000000   Number         0  rt_raise.o ABSOLUTE
    ../clib/angel/rt.s                       0x00000000   Number         0  rt_div0.o ABSOLUTE
    ../clib/angel/rt.s                       0x00000000   Number         0  aeabi_ldiv0_sigfpe.o ABSOLUTE
    ../clib/angel/rt.s                       0x00000000   Number         0  aeabi_ldiv0.o ABSOLUTE
    ../clib/angel/scatter.s                  0x00000000   Number         0  __scatter.o ABSOLUTE
    ../clib/angel/startup.s                  0x00000000   Number         0  __main.o ABSOLUTE
    ../clib/angel/sys.s                      0x00000000   Number         0  use_no_semi.o ABSOLUTE
    ../clib/angel/sys.s                      0x00000000   Number         0  sys_stackheap_outer.o ABSOLUTE
    ../clib/angel/sys.s                      0x00000000   Number         0  indicate_semi.o ABSOLUTE
    ../clib/angel/sys.s                      0x00000000   Number         0  libspace.o ABSOLUTE
    ../clib/angel/sysapp.c                   0x00000000   Number         0  sys_command.o ABSOLUTE
    ../clib/angel/sysapp.c                   0x00000000   Number         0  sys_wrch.o ABSOLUTE
    ../clib/angel/sysapp.c                   0x00000000   Number         0  sys_exit.o ABSOLUTE
    ../clib/armsys.c                         0x00000000   Number         0  no_argv.o ABSOLUTE
    ../clib/armsys.c                         0x00000000   Number         0  _get_argv_nomalloc.o ABSOLUTE
    ../clib/armsys.c                         0x00000000   Number         0  argv_veneer.o ABSOLUTE
    ../clib/armsys.c                         0x00000000   Number         0  argv_veneer.o ABSOLUTE
    ../clib/heapalloc.c                      0x00000000   Number         0  hrguard.o ABSOLUTE
    ../clib/heapaux.c                        0x00000000   Number         0  heapauxi.o ABSOLUTE
    ../clib/libinit.s                        0x00000000   Number         0  libinit.o ABSOLUTE
    ../clib/libinit.s                        0x00000000   Number         0  libshutdown.o ABSOLUTE
    ../clib/libinit.s                        0x00000000   Number         0  libshutdown2.o ABSOLUTE
    ../clib/libinit.s                        0x00000000   Number         0  libinit2.o ABSOLUTE
    ../clib/longlong.s                       0x00000000   Number         0  lludivv7m.o ABSOLUTE
    ../clib/signal.c                         0x00000000   Number         0  defsig_rtmem_formal.o ABSOLUTE
    ../clib/signal.c                         0x00000000   Number         0  __raise.o ABSOLUTE
    ../clib/signal.c                         0x00000000   Number         0  defsig_general.o ABSOLUTE
    ../clib/signal.c                         0x00000000   Number         0  defsig_cppl_inner.o ABSOLUTE
    ../clib/signal.c                         0x00000000   Number         0  defsig_stak_inner.o ABSOLUTE
    ../clib/signal.c                         0x00000000   Number         0  defsig_other.o ABSOLUTE
    ../clib/signal.c                         0x00000000   Number         0  defsig_pvfn_inner.o ABSOLUTE
    ../clib/signal.c                         0x00000000   Number         0  defsig_rtmem_outer.o ABSOLUTE
    ../clib/signal.c                         0x00000000   Number         0  defsig_rtmem_inner.o ABSOLUTE
    ../clib/signal.c                         0x00000000   Number         0  defsig_rtred_inner.o ABSOLUTE
    ../clib/signal.c                         0x00000000   Number         0  defsig_abrt_inner.o ABSOLUTE
    ../clib/signal.c                         0x00000000   Number         0  defsig_fpe_formal.o ABSOLUTE
    ../clib/signal.c                         0x00000000   Number         0  defsig_fpe_outer.o ABSOLUTE
    ../clib/signal.c                         0x00000000   Number         0  defsig_fpe_inner.o ABSOLUTE
    ../clib/signal.c                         0x00000000   Number         0  defsig_exit.o ABSOLUTE
    ../clib/signal.c                         0x00000000   Number         0  defsig_segv_inner.o ABSOLUTE
    ../clib/signal.s                         0x00000000   Number         0  defsig.o ABSOLUTE
    ../clib/stdlib.c                         0x00000000   Number         0  exit.o ABSOLUTE
    ../fplib/fpinit.s                        0x00000000   Number         0  fpinit.o ABSOLUTE
    C:\Users\Lex-alviur\Desktop\interrupt_plus_UART\RTE\Device\STM32L476RGTx\STCubeGenerated\Src\stm32l4xx_hal_msp.c 0x00000000   Number         0  stm32l4xx_hal_msp.o ABSOLUTE
    C:\\Users\\Lex-alviur\\Desktop\\interrupt_plus_UART\\RTE\\Device\\STM32L476RGTx\\STCubeGenerated\\Src\\stm32l4xx_hal_msp.c 0x00000000   Number         0  stm32l4xx_hal_msp.o ABSOLUTE
    D:\Keil\STM32L4xx_DFP\2.0.0\Drivers\STM32L4xx_HAL_Driver\Src\stm32l4xx_hal.c 0x00000000   Number         0  stm32l4xx_hal.o ABSOLUTE
    D:\Keil\STM32L4xx_DFP\2.0.0\Drivers\STM32L4xx_HAL_Driver\Src\stm32l4xx_hal_cortex.c 0x00000000   Number         0  stm32l4xx_hal_cortex.o ABSOLUTE
    D:\Keil\STM32L4xx_DFP\2.0.0\Drivers\STM32L4xx_HAL_Driver\Src\stm32l4xx_hal_dma.c 0x00000000   Number         0  stm32l4xx_hal_dma.o ABSOLUTE
    D:\Keil\STM32L4xx_DFP\2.0.0\Drivers\STM32L4xx_HAL_Driver\Src\stm32l4xx_hal_dma_ex.c 0x00000000   Number         0  stm32l4xx_hal_dma_ex.o ABSOLUTE
    D:\Keil\STM32L4xx_DFP\2.0.0\Drivers\STM32L4xx_HAL_Driver\Src\stm32l4xx_hal_gpio.c 0x00000000   Number         0  stm32l4xx_hal_gpio.o ABSOLUTE
    D:\Keil\STM32L4xx_DFP\2.0.0\Drivers\STM32L4xx_HAL_Driver\Src\stm32l4xx_hal_i2c.c 0x00000000   Number         0  stm32l4xx_hal_i2c.o ABSOLUTE
    D:\Keil\STM32L4xx_DFP\2.0.0\Drivers\STM32L4xx_HAL_Driver\Src\stm32l4xx_hal_i2c_ex.c 0x00000000   Number         0  stm32l4xx_hal_i2c_ex.o ABSOLUTE
    D:\Keil\STM32L4xx_DFP\2.0.0\Drivers\STM32L4xx_HAL_Driver\Src\stm32l4xx_hal_pwr.c 0x00000000   Number         0  stm32l4xx_hal_pwr.o ABSOLUTE
    D:\Keil\STM32L4xx_DFP\2.0.0\Drivers\STM32L4xx_HAL_Driver\Src\stm32l4xx_hal_pwr_ex.c 0x00000000   Number         0  stm32l4xx_hal_pwr_ex.o ABSOLUTE
    D:\Keil\STM32L4xx_DFP\2.0.0\Drivers\STM32L4xx_HAL_Driver\Src\stm32l4xx_hal_rcc.c 0x00000000   Number         0  stm32l4xx_hal_rcc.o ABSOLUTE
    D:\Keil\STM32L4xx_DFP\2.0.0\Drivers\STM32L4xx_HAL_Driver\Src\stm32l4xx_hal_rcc_ex.c 0x00000000   Number         0  stm32l4xx_hal_rcc_ex.o ABSOLUTE
    D:\Keil\STM32L4xx_DFP\2.0.0\Drivers\STM32L4xx_HAL_Driver\Src\stm32l4xx_hal_uart.c 0x00000000   Number         0  stm32l4xx_hal_uart.o ABSOLUTE
    D:\Keil\STM32L4xx_DFP\2.0.0\Drivers\STM32L4xx_HAL_Driver\Src\stm32l4xx_hal_uart_ex.c 0x00000000   Number         0  stm32l4xx_hal_uart_ex.o ABSOLUTE
    D:\\Keil\\STM32L4xx_DFP\\2.0.0\\Drivers\\STM32L4xx_HAL_Driver\\Src\\stm32l4xx_hal.c 0x00000000   Number         0  stm32l4xx_hal.o ABSOLUTE
    D:\\Keil\\STM32L4xx_DFP\\2.0.0\\Drivers\\STM32L4xx_HAL_Driver\\Src\\stm32l4xx_hal_cortex.c 0x00000000   Number         0  stm32l4xx_hal_cortex.o ABSOLUTE
    D:\\Keil\\STM32L4xx_DFP\\2.0.0\\Drivers\\STM32L4xx_HAL_Driver\\Src\\stm32l4xx_hal_dma.c 0x00000000   Number         0  stm32l4xx_hal_dma.o ABSOLUTE
    D:\\Keil\\STM32L4xx_DFP\\2.0.0\\Drivers\\STM32L4xx_HAL_Driver\\Src\\stm32l4xx_hal_dma_ex.c 0x00000000   Number         0  stm32l4xx_hal_dma_ex.o ABSOLUTE
    D:\\Keil\\STM32L4xx_DFP\\2.0.0\\Drivers\\STM32L4xx_HAL_Driver\\Src\\stm32l4xx_hal_gpio.c 0x00000000   Number         0  stm32l4xx_hal_gpio.o ABSOLUTE
    D:\\Keil\\STM32L4xx_DFP\\2.0.0\\Drivers\\STM32L4xx_HAL_Driver\\Src\\stm32l4xx_hal_i2c.c 0x00000000   Number         0  stm32l4xx_hal_i2c.o ABSOLUTE
    D:\\Keil\\STM32L4xx_DFP\\2.0.0\\Drivers\\STM32L4xx_HAL_Driver\\Src\\stm32l4xx_hal_i2c_ex.c 0x00000000   Number         0  stm32l4xx_hal_i2c_ex.o ABSOLUTE
    D:\\Keil\\STM32L4xx_DFP\\2.0.0\\Drivers\\STM32L4xx_HAL_Driver\\Src\\stm32l4xx_hal_pwr.c 0x00000000   Number         0  stm32l4xx_hal_pwr.o ABSOLUTE
    D:\\Keil\\STM32L4xx_DFP\\2.0.0\\Drivers\\STM32L4xx_HAL_Driver\\Src\\stm32l4xx_hal_pwr_ex.c 0x00000000   Number         0  stm32l4xx_hal_pwr_ex.o ABSOLUTE
    D:\\Keil\\STM32L4xx_DFP\\2.0.0\\Drivers\\STM32L4xx_HAL_Driver\\Src\\stm32l4xx_hal_rcc.c 0x00000000   Number         0  stm32l4xx_hal_rcc.o ABSOLUTE
    D:\\Keil\\STM32L4xx_DFP\\2.0.0\\Drivers\\STM32L4xx_HAL_Driver\\Src\\stm32l4xx_hal_rcc_ex.c 0x00000000   Number         0  stm32l4xx_hal_rcc_ex.o ABSOLUTE
    D:\\Keil\\STM32L4xx_DFP\\2.0.0\\Drivers\\STM32L4xx_HAL_Driver\\Src\\stm32l4xx_hal_uart.c 0x00000000   Number         0  stm32l4xx_hal_uart.o ABSOLUTE
    D:\\Keil\\STM32L4xx_DFP\\2.0.0\\Drivers\\STM32L4xx_HAL_Driver\\Src\\stm32l4xx_hal_uart_ex.c 0x00000000   Number         0  stm32l4xx_hal_uart_ex.o ABSOLUTE
    MAX30101_new.c                           0x00000000   Number         0  max30101_new.o ABSOLUTE
    MAX30101_new.c                           0x00000000   Number         0  max30101_new.o ABSOLUTE
    RTE\Device\STM32L476RGTx\STCubeGenerated\Src\main.c 0x00000000   Number         0  main.o ABSOLUTE
    RTE\Device\STM32L476RGTx\STCubeGenerated\Src\stm32l4xx_it.c 0x00000000   Number         0  stm32l4xx_it.o ABSOLUTE
    RTE\Device\STM32L476RGTx\startup_stm32l476xx.s 0x00000000   Number         0  startup_stm32l476xx.o ABSOLUTE
    RTE\Device\STM32L476RGTx\system_stm32l4xx.c 0x00000000   Number         0  system_stm32l4xx.o ABSOLUTE
    RTE\\Device\\STM32L476RGTx\\STCubeGenerated\\Src\\main.c 0x00000000   Number         0  main.o ABSOLUTE
    RTE\\Device\\STM32L476RGTx\\STCubeGenerated\\Src\\stm32l4xx_it.c 0x00000000   Number         0  stm32l4xx_it.o ABSOLUTE
    RTE\\Device\\STM32L476RGTx\\system_stm32l4xx.c 0x00000000   Number         0  system_stm32l4xx.o ABSOLUTE
    dc.s                                     0x00000000   Number         0  dc.o ABSOLUTE
    RESET                                    0x08000000   Section      392  startup_stm32l476xx.o(RESET)
    !!!main                                  0x08000188   Section        8  __main.o(!!!main)
    !!!scatter                               0x08000190   Section       52  __scatter.o(!!!scatter)
    !!handler_copy                           0x080001c4   Section       26  __scatter_copy.o(!!handler_copy)
    !!handler_zi                             0x080001e0   Section       28  __scatter_zi.o(!!handler_zi)
    .ARM.Collect$$libinit$$00000000          0x080001fc   Section        2  libinit.o(.ARM.Collect$$libinit$$00000000)
    .ARM.Collect$$libinit$$00000001          0x080001fe   Section        4  libinit2.o(.ARM.Collect$$libinit$$00000001)
    .ARM.Collect$$libinit$$00000004          0x08000202   Section        0  libinit2.o(.ARM.Collect$$libinit$$00000004)
    .ARM.Collect$$libinit$$0000000A          0x08000202   Section        0  libinit2.o(.ARM.Collect$$libinit$$0000000A)
    .ARM.Collect$$libinit$$0000000C          0x08000202   Section        0  libinit2.o(.ARM.Collect$$libinit$$0000000C)
    .ARM.Collect$$libinit$$0000000E          0x08000202   Section        0  libinit2.o(.ARM.Collect$$libinit$$0000000E)
    .ARM.Collect$$libinit$$00000011          0x08000202   Section        0  libinit2.o(.ARM.Collect$$libinit$$00000011)
    .ARM.Collect$$libinit$$00000013          0x08000202   Section        0  libinit2.o(.ARM.Collect$$libinit$$00000013)
    .ARM.Collect$$libinit$$00000015          0x08000202   Section        0  libinit2.o(.ARM.Collect$$libinit$$00000015)
    .ARM.Collect$$libinit$$00000017          0x08000202   Section        0  libinit2.o(.ARM.Collect$$libinit$$00000017)
    .ARM.Collect$$libinit$$00000019          0x08000202   Section        0  libinit2.o(.ARM.Collect$$libinit$$00000019)
    .ARM.Collect$$libinit$$0000001B          0x08000202   Section        0  libinit2.o(.ARM.Collect$$libinit$$0000001B)
    .ARM.Collect$$libinit$$0000001D          0x08000202   Section        0  libinit2.o(.ARM.Collect$$libinit$$0000001D)
    .ARM.Collect$$libinit$$0000001F          0x08000202   Section        0  libinit2.o(.ARM.Collect$$libinit$$0000001F)
    .ARM.Collect$$libinit$$00000021          0x08000202   Section        0  libinit2.o(.ARM.Collect$$libinit$$00000021)
    .ARM.Collect$$libinit$$00000023          0x08000202   Section        0  libinit2.o(.ARM.Collect$$libinit$$00000023)
    .ARM.Collect$$libinit$$00000025          0x08000202   Section        0  libinit2.o(.ARM.Collect$$libinit$$00000025)
    .ARM.Collect$$libinit$$0000002C          0x08000202   Section        0  libinit2.o(.ARM.Collect$$libinit$$0000002C)
    .ARM.Collect$$libinit$$0000002E          0x08000202   Section        0  libinit2.o(.ARM.Collect$$libinit$$0000002E)
    .ARM.Collect$$libinit$$00000030          0x08000202   Section        0  libinit2.o(.ARM.Collect$$libinit$$00000030)
    .ARM.Collect$$libinit$$00000032          0x08000202   Section        0  libinit2.o(.ARM.Collect$$libinit$$00000032)
    .ARM.Collect$$libinit$$00000033          0x08000202   Section        2  libinit2.o(.ARM.Collect$$libinit$$00000033)
    .ARM.Collect$$libshutdown$$00000000      0x08000204   Section        2  libshutdown.o(.ARM.Collect$$libshutdown$$00000000)
    .ARM.Collect$$libshutdown$$00000002      0x08000206   Section        0  libshutdown2.o(.ARM.Collect$$libshutdown$$00000002)
    .ARM.Collect$$libshutdown$$00000004      0x08000206   Section        0  libshutdown2.o(.ARM.Collect$$libshutdown$$00000004)
    .ARM.Collect$$libshutdown$$00000007      0x08000206   Section        0  libshutdown2.o(.ARM.Collect$$libshutdown$$00000007)
    .ARM.Collect$$libshutdown$$0000000A      0x08000206   Section        0  libshutdown2.o(.ARM.Collect$$libshutdown$$0000000A)
    .ARM.Collect$$libshutdown$$0000000C      0x08000206   Section        0  libshutdown2.o(.ARM.Collect$$libshutdown$$0000000C)
    .ARM.Collect$$libshutdown$$0000000F      0x08000206   Section        0  libshutdown2.o(.ARM.Collect$$libshutdown$$0000000F)
    .ARM.Collect$$libshutdown$$00000010      0x08000206   Section        2  libshutdown2.o(.ARM.Collect$$libshutdown$$00000010)
    .ARM.Collect$$rtentry$$00000000          0x08000208   Section        0  __rtentry.o(.ARM.Collect$$rtentry$$00000000)
    .ARM.Collect$$rtentry$$00000002          0x08000208   Section        0  __rtentry2.o(.ARM.Collect$$rtentry$$00000002)
    .ARM.Collect$$rtentry$$00000004          0x08000208   Section        6  __rtentry4.o(.ARM.Collect$$rtentry$$00000004)
    .ARM.Collect$$rtentry$$00000009          0x0800020e   Section        0  __rtentry2.o(.ARM.Collect$$rtentry$$00000009)
    .ARM.Collect$$rtentry$$0000000A          0x0800020e   Section        4  __rtentry2.o(.ARM.Collect$$rtentry$$0000000A)
    .ARM.Collect$$rtentry$$0000000C          0x08000212   Section        0  __rtentry2.o(.ARM.Collect$$rtentry$$0000000C)
    .ARM.Collect$$rtentry$$0000000D          0x08000212   Section        8  __rtentry2.o(.ARM.Collect$$rtentry$$0000000D)
    .ARM.Collect$$rtexit$$00000000           0x0800021a   Section        2  rtexit.o(.ARM.Collect$$rtexit$$00000000)
    .ARM.Collect$$rtexit$$00000002           0x0800021c   Section        0  rtexit2.o(.ARM.Collect$$rtexit$$00000002)
    .ARM.Collect$$rtexit$$00000003           0x0800021c   Section        4  rtexit2.o(.ARM.Collect$$rtexit$$00000003)
    .ARM.Collect$$rtexit$$00000004           0x08000220   Section        6  rtexit2.o(.ARM.Collect$$rtexit$$00000004)
    .text                                    0x08000228   Section       64  startup_stm32l476xx.o(.text)
    $v0                                      0x08000228   Number         0  startup_stm32l476xx.o(.text)
    .text                                    0x08000268   Section      238  lludivv7m.o(.text)
    .text                                    0x08000356   Section        0  heapauxi.o(.text)
    .text                                    0x0800035c   Section       74  sys_stackheap_outer.o(.text)
    .text                                    0x080003a6   Section        0  exit.o(.text)
    .text                                    0x080003b8   Section        8  libspace.o(.text)
    .text                                    0x080003c0   Section        0  sys_exit.o(.text)
    .text                                    0x080003cc   Section        2  use_no_semi.o(.text)
    .text                                    0x080003ce   Section        0  indicate_semi.o(.text)
    i.BusFault_Handler                       0x080003ce   Section        0  stm32l4xx_it.o(i.BusFault_Handler)
    i.DebugMon_Handler                       0x080003d2   Section        0  stm32l4xx_it.o(i.DebugMon_Handler)
    i.EXTI15_10_IRQHandler                   0x080003d4   Section        0  stm32l4xx_it.o(i.EXTI15_10_IRQHandler)
    i.HAL_GPIO_EXTI_Callback                 0x080003e0   Section        0  main.o(i.HAL_GPIO_EXTI_Callback)
    i.HAL_GPIO_EXTI_IRQHandler               0x080003f4   Section        0  stm32l4xx_hal_gpio.o(i.HAL_GPIO_EXTI_IRQHandler)
    i.HAL_GPIO_Init                          0x08000410   Section        0  stm32l4xx_hal_gpio.o(i.HAL_GPIO_Init)
    i.HAL_GetTick                            0x08000618   Section        0  stm32l4xx_hal.o(i.HAL_GetTick)
    i.HAL_I2CEx_ConfigAnalogFilter           0x08000624   Section        0  stm32l4xx_hal_i2c_ex.o(i.HAL_I2CEx_ConfigAnalogFilter)
    i.HAL_I2CEx_ConfigDigitalFilter          0x0800068e   Section        0  stm32l4xx_hal_i2c_ex.o(i.HAL_I2CEx_ConfigDigitalFilter)
    i.HAL_I2C_Init                           0x080006f8   Section        0  stm32l4xx_hal_i2c.o(i.HAL_I2C_Init)
    i.HAL_I2C_Master_Receive                 0x080007bc   Section        0  stm32l4xx_hal_i2c.o(i.HAL_I2C_Master_Receive)
    i.HAL_I2C_Master_Transmit                0x08000938   Section        0  stm32l4xx_hal_i2c.o(i.HAL_I2C_Master_Transmit)
    i.HAL_I2C_MspInit                        0x08000aac   Section        0  stm32l4xx_hal_msp.o(i.HAL_I2C_MspInit)
    i.HAL_IncTick                            0x08000b04   Section        0  stm32l4xx_hal.o(i.HAL_IncTick)
    i.HAL_Init                               0x08000b14   Section        0  stm32l4xx_hal.o(i.HAL_Init)
    i.HAL_InitTick                           0x08000b2c   Section        0  stm32l4xx_hal.o(i.HAL_InitTick)
    i.HAL_MspInit                            0x08000b54   Section        0  stm32l4xx_hal_msp.o(i.HAL_MspInit)
    i.HAL_NVIC_EnableIRQ                     0x08000be4   Section        0  stm32l4xx_hal_cortex.o(i.HAL_NVIC_EnableIRQ)
    i.HAL_NVIC_SetPriority                   0x08000c04   Section        0  stm32l4xx_hal_cortex.o(i.HAL_NVIC_SetPriority)
    i.HAL_NVIC_SetPriorityGrouping           0x08000c88   Section        0  stm32l4xx_hal_cortex.o(i.HAL_NVIC_SetPriorityGrouping)
    i.HAL_PWREx_ControlVoltageScaling        0x08000cb0   Section        0  stm32l4xx_hal_pwr_ex.o(i.HAL_PWREx_ControlVoltageScaling)
    i.HAL_PWREx_GetVoltageRange              0x08000d38   Section        0  stm32l4xx_hal_pwr_ex.o(i.HAL_PWREx_GetVoltageRange)
    i.HAL_RCCEx_PeriphCLKConfig              0x08000d48   Section        0  stm32l4xx_hal_rcc_ex.o(i.HAL_RCCEx_PeriphCLKConfig)
    i.HAL_RCC_ClockConfig                    0x0800121c   Section        0  stm32l4xx_hal_rcc.o(i.HAL_RCC_ClockConfig)
    i.HAL_RCC_GetHCLKFreq                    0x080013f8   Section        0  stm32l4xx_hal_rcc.o(i.HAL_RCC_GetHCLKFreq)
    i.HAL_RCC_GetPCLK1Freq                   0x08001404   Section        0  stm32l4xx_hal_rcc.o(i.HAL_RCC_GetPCLK1Freq)
    i.HAL_RCC_GetPCLK2Freq                   0x08001424   Section        0  stm32l4xx_hal_rcc.o(i.HAL_RCC_GetPCLK2Freq)
    i.HAL_RCC_GetSysClockFreq                0x08001444   Section        0  stm32l4xx_hal_rcc.o(i.HAL_RCC_GetSysClockFreq)
    i.HAL_RCC_OscConfig                      0x08001550   Section        0  stm32l4xx_hal_rcc.o(i.HAL_RCC_OscConfig)
    i.HAL_SYSTICK_CLKSourceConfig            0x08001b74   Section        0  stm32l4xx_hal_cortex.o(i.HAL_SYSTICK_CLKSourceConfig)
    i.HAL_SYSTICK_Callback                   0x08001b9c   Section        0  stm32l4xx_hal_cortex.o(i.HAL_SYSTICK_Callback)
    i.HAL_SYSTICK_Config                     0x08001b9e   Section        0  stm32l4xx_hal_cortex.o(i.HAL_SYSTICK_Config)
    i.HAL_SYSTICK_IRQHandler                 0x08001bd2   Section        0  stm32l4xx_hal_cortex.o(i.HAL_SYSTICK_IRQHandler)
    i.HAL_UART_Init                          0x08001bda   Section        0  stm32l4xx_hal_uart.o(i.HAL_UART_Init)
    i.HAL_UART_MspInit                       0x08001c54   Section        0  stm32l4xx_hal_msp.o(i.HAL_UART_MspInit)
    i.HAL_UART_Transmit                      0x08001ca8   Section        0  stm32l4xx_hal_uart.o(i.HAL_UART_Transmit)
    i.HardFault_Handler                      0x08001d70   Section        0  stm32l4xx_it.o(i.HardFault_Handler)
    i.I2C_Flush_TXDR                         0x08001d74   Section        0  stm32l4xx_hal_i2c.o(i.I2C_Flush_TXDR)
    I2C_Flush_TXDR                           0x08001d75   Thumb Code    40  stm32l4xx_hal_i2c.o(i.I2C_Flush_TXDR)
    i.I2C_IsAcknowledgeFailed                0x08001d9c   Section        0  stm32l4xx_hal_i2c.o(i.I2C_IsAcknowledgeFailed)
    I2C_IsAcknowledgeFailed                  0x08001d9d   Thumb Code   136  stm32l4xx_hal_i2c.o(i.I2C_IsAcknowledgeFailed)
    i.I2C_TransferConfig                     0x08001e28   Section        0  stm32l4xx_hal_i2c.o(i.I2C_TransferConfig)
    I2C_TransferConfig                       0x08001e29   Thumb Code    42  stm32l4xx_hal_i2c.o(i.I2C_TransferConfig)
    i.I2C_WaitOnFlagUntilTimeout             0x08001e58   Section        0  stm32l4xx_hal_i2c.o(i.I2C_WaitOnFlagUntilTimeout)
    I2C_WaitOnFlagUntilTimeout               0x08001e59   Thumb Code    86  stm32l4xx_hal_i2c.o(i.I2C_WaitOnFlagUntilTimeout)
    i.I2C_WaitOnRXNEFlagUntilTimeout         0x08001eb0   Section        0  stm32l4xx_hal_i2c.o(i.I2C_WaitOnRXNEFlagUntilTimeout)
    I2C_WaitOnRXNEFlagUntilTimeout           0x08001eb1   Thumb Code   138  stm32l4xx_hal_i2c.o(i.I2C_WaitOnRXNEFlagUntilTimeout)
    i.I2C_WaitOnSTOPFlagUntilTimeout         0x08001f40   Section        0  stm32l4xx_hal_i2c.o(i.I2C_WaitOnSTOPFlagUntilTimeout)
    I2C_WaitOnSTOPFlagUntilTimeout           0x08001f41   Thumb Code    86  stm32l4xx_hal_i2c.o(i.I2C_WaitOnSTOPFlagUntilTimeout)
    i.I2C_WaitOnTXISFlagUntilTimeout         0x08001f96   Section        0  stm32l4xx_hal_i2c.o(i.I2C_WaitOnTXISFlagUntilTimeout)
    I2C_WaitOnTXISFlagUntilTimeout           0x08001f97   Thumb Code    90  stm32l4xx_hal_i2c.o(i.I2C_WaitOnTXISFlagUntilTimeout)
    i.MX_GPIO_Init                           0x08001ff0   Section        0  main.o(i.MX_GPIO_Init)
    MX_GPIO_Init                             0x08001ff1   Thumb Code   100  main.o(i.MX_GPIO_Init)
    i.MX_I2C1_Init                           0x0800205c   Section        0  main.o(i.MX_I2C1_Init)
    MX_I2C1_Init                             0x0800205d   Thumb Code    88  main.o(i.MX_I2C1_Init)
    i.MX_UART4_Init                          0x080020f0   Section        0  main.o(i.MX_UART4_Init)
    MX_UART4_Init                            0x080020f1   Thumb Code    62  main.o(i.MX_UART4_Init)
    i.MemManage_Handler                      0x0800216c   Section        0  stm32l4xx_it.o(i.MemManage_Handler)
    i.NMI_Handler                            0x08002170   Section        0  stm32l4xx_it.o(i.NMI_Handler)
    i.PendSV_Handler                         0x08002172   Section        0  stm32l4xx_it.o(i.PendSV_Handler)
    i.RCCEx_PLLSAI1_Config                   0x08002174   Section        0  stm32l4xx_hal_rcc_ex.o(i.RCCEx_PLLSAI1_Config)
    RCCEx_PLLSAI1_Config                     0x08002175   Thumb Code   380  stm32l4xx_hal_rcc_ex.o(i.RCCEx_PLLSAI1_Config)
    i.RCCEx_PLLSAI2_Config                   0x08002300   Section        0  stm32l4xx_hal_rcc_ex.o(i.RCCEx_PLLSAI2_Config)
    RCCEx_PLLSAI2_Config                     0x08002301   Thumb Code   342  stm32l4xx_hal_rcc_ex.o(i.RCCEx_PLLSAI2_Config)
    i.RCC_SetFlashLatencyFromMSIRange        0x08002464   Section        0  stm32l4xx_hal_rcc.o(i.RCC_SetFlashLatencyFromMSIRange)
    RCC_SetFlashLatencyFromMSIRange          0x08002465   Thumb Code   150  stm32l4xx_hal_rcc.o(i.RCC_SetFlashLatencyFromMSIRange)
    i.SVC_Handler                            0x08002504   Section        0  stm32l4xx_it.o(i.SVC_Handler)
    i.SysTick_Handler                        0x08002506   Section        0  stm32l4xx_it.o(i.SysTick_Handler)
    i.SystemClock_Config                     0x08002514   Section        0  main.o(i.SystemClock_Config)
    i.SystemInit                             0x080025e4   Section        0  system_stm32l4xx.o(i.SystemInit)
    i.UART_AdvFeatureConfig                  0x08002634   Section        0  stm32l4xx_hal_uart.o(i.UART_AdvFeatureConfig)
    i.UART_CheckIdleState                    0x0800271e   Section        0  stm32l4xx_hal_uart.o(i.UART_CheckIdleState)
    i.UART_SetConfig                         0x08002794   Section        0  stm32l4xx_hal_uart.o(i.UART_SetConfig)
    i.UART_WaitOnFlagUntilTimeout            0x08002c26   Section        0  stm32l4xx_hal_uart.o(i.UART_WaitOnFlagUntilTimeout)
    i.UsageFault_Handler                     0x08002c92   Section        0  stm32l4xx_it.o(i.UsageFault_Handler)
    i._Error_Handler                         0x08002c96   Section        0  main.o(i._Error_Handler)
    i.__NVIC_GetPriorityGrouping             0x08002c9c   Section        0  stm32l4xx_hal_cortex.o(i.__NVIC_GetPriorityGrouping)
    __NVIC_GetPriorityGrouping               0x08002c9d   Thumb Code    10  stm32l4xx_hal_cortex.o(i.__NVIC_GetPriorityGrouping)
    i.__NVIC_SetPriority                     0x08002cac   Section        0  stm32l4xx_hal_cortex.o(i.__NVIC_SetPriority)
    __NVIC_SetPriority                       0x08002cad   Thumb Code    32  stm32l4xx_hal_cortex.o(i.__NVIC_SetPriority)
    i.main                                   0x08002cd4   Section        0  main.o(i.main)
    i.max30101_init                          0x08002d3c   Section        0  max30101_new.o(i.max30101_init)
    i.max30101_on                            0x08002fbc   Section        0  max30101_new.o(i.max30101_on)
    i.max30101_sample_fetch                  0x08003044   Section        0  max30101_new.o(i.max30101_sample_fetch)
    x$fpl$fpinit                             0x080030e0   Section       10  fpinit.o(x$fpl$fpinit)
    $v0                                      0x080030e0   Number         0  fpinit.o(x$fpl$fpinit)
    .constdata                               0x080030ec   Section       72  system_stm32l4xx.o(.constdata)
    .data                                    0x20000000   Section        6  main.o(.data)
    .data                                    0x20000006   Section        6  max30101_new.o(.data)
    .data                                    0x2000000c   Section        4  stm32l4xx_hal.o(.data)
    .data                                    0x20000010   Section        4  system_stm32l4xx.o(.data)
    .bss                                     0x20000014   Section      196  main.o(.bss)
    .bss                                     0x200000d8   Section       96  libspace.o(.bss)
    HEAP                                     0x20000138   Section      512  startup_stm32l476xx.o(HEAP)
    Heap_Mem                                 0x20000138   Data         512  startup_stm32l476xx.o(HEAP)
    STACK                                    0x20000338   Section     1024  startup_stm32l476xx.o(STACK)
    Stack_Mem                                0x20000338   Data        1024  startup_stm32l476xx.o(STACK)
    __initial_sp                             0x20000738   Data           0  startup_stm32l476xx.o(STACK)

    Global Symbols

    Symbol Name                              Value     Ov Type        Size  Object(Section)

    BuildAttributes$$THM_ISAv4$E$P$D$K$B$S$7EM$VFPi3$EXTD16$VFPS$VFMA$PE$A:L22UL41UL21$X:L11$S22US41US21$IEEE1$IW$USESV6$~STKCKD$USESV7$~SHL$OSPACE$ROPI$EBA8$UX$STANDARDLIB$REQ8$PRES8$EABIv2 0x00000000   Number         0  anon$$obj.o ABSOLUTE
    __ARM_use_no_argv                        0x00000000   Number         0  main.o ABSOLUTE
    __ARM_exceptions_init                     - Undefined Weak Reference
    __alloca_initialize                       - Undefined Weak Reference
    __arm_preinit_                            - Undefined Weak Reference
    __cpp_initialize__aeabi_                  - Undefined Weak Reference
    __cxa_finalize                            - Undefined Weak Reference
    __rt_locale                               - Undefined Weak Reference
    __sigvec_lookup                           - Undefined Weak Reference
    _atexit_init                              - Undefined Weak Reference
    _call_atexit_fns                          - Undefined Weak Reference
    _clock_init                               - Undefined Weak Reference
    _fp_trap_init                             - Undefined Weak Reference
    _fp_trap_shutdown                         - Undefined Weak Reference
    _get_lc_collate                           - Undefined Weak Reference
    _get_lc_ctype                             - Undefined Weak Reference
    _get_lc_monetary                          - Undefined Weak Reference
    _get_lc_numeric                           - Undefined Weak Reference
    _get_lc_time                              - Undefined Weak Reference
    _getenv_init                              - Undefined Weak Reference
    _handle_redirection                       - Undefined Weak Reference
    _init_alloc                               - Undefined Weak Reference
    _init_user_alloc                          - Undefined Weak Reference
    _initio                                   - Undefined Weak Reference
    _rand_init                                - Undefined Weak Reference
    _signal_finish                            - Undefined Weak Reference
    _signal_init                              - Undefined Weak Reference
    _terminate_alloc                          - Undefined Weak Reference
    _terminate_user_alloc                     - Undefined Weak Reference
    _terminateio                              - Undefined Weak Reference
    __Vectors_Size                           0x00000188   Number         0  startup_stm32l476xx.o ABSOLUTE
    __Vectors                                0x08000000   Data           4  startup_stm32l476xx.o(RESET)
    __Vectors_End                            0x08000188   Data           0  startup_stm32l476xx.o(RESET)
    __main                                   0x08000189   Thumb Code     8  __main.o(!!!main)
    __scatterload                            0x08000191   Thumb Code     0  __scatter.o(!!!scatter)
    __scatterload_rt2                        0x08000191   Thumb Code    44  __scatter.o(!!!scatter)
    __scatterload_rt2_thumb_only             0x08000191   Thumb Code     0  __scatter.o(!!!scatter)
    __scatterload_null                       0x0800019f   Thumb Code     0  __scatter.o(!!!scatter)
    __scatterload_copy                       0x080001c5   Thumb Code    26  __scatter_copy.o(!!handler_copy)
    __scatterload_zeroinit                   0x080001e1   Thumb Code    28  __scatter_zi.o(!!handler_zi)
    __rt_lib_init                            0x080001fd   Thumb Code     0  libinit.o(.ARM.Collect$$libinit$$00000000)
    __rt_lib_init_fp_1                       0x080001ff   Thumb Code     0  libinit2.o(.ARM.Collect$$libinit$$00000001)
    __rt_lib_init_alloca_1                   0x08000203   Thumb Code     0  libinit2.o(.ARM.Collect$$libinit$$0000002E)
    __rt_lib_init_argv_1                     0x08000203   Thumb Code     0  libinit2.o(.ARM.Collect$$libinit$$0000002C)
    __rt_lib_init_atexit_1                   0x08000203   Thumb Code     0  libinit2.o(.ARM.Collect$$libinit$$0000001B)
    __rt_lib_init_clock_1                    0x08000203   Thumb Code     0  libinit2.o(.ARM.Collect$$libinit$$00000021)
    __rt_lib_init_cpp_1                      0x08000203   Thumb Code     0  libinit2.o(.ARM.Collect$$libinit$$00000032)
    __rt_lib_init_exceptions_1               0x08000203   Thumb Code     0  libinit2.o(.ARM.Collect$$libinit$$00000030)
    __rt_lib_init_fp_trap_1                  0x08000203   Thumb Code     0  libinit2.o(.ARM.Collect$$libinit$$0000001F)
    __rt_lib_init_getenv_1                   0x08000203   Thumb Code     0  libinit2.o(.ARM.Collect$$libinit$$00000023)
    __rt_lib_init_heap_1                     0x08000203   Thumb Code     0  libinit2.o(.ARM.Collect$$libinit$$0000000A)
    __rt_lib_init_lc_collate_1               0x08000203   Thumb Code     0  libinit2.o(.ARM.Collect$$libinit$$00000011)
    __rt_lib_init_lc_ctype_1                 0x08000203   Thumb Code     0  libinit2.o(.ARM.Collect$$libinit$$00000013)
    __rt_lib_init_lc_monetary_1              0x08000203   Thumb Code     0  libinit2.o(.ARM.Collect$$libinit$$00000015)
    __rt_lib_init_lc_numeric_1               0x08000203   Thumb Code     0  libinit2.o(.ARM.Collect$$libinit$$00000017)
    __rt_lib_init_lc_time_1                  0x08000203   Thumb Code     0  libinit2.o(.ARM.Collect$$libinit$$00000019)
    __rt_lib_init_preinit_1                  0x08000203   Thumb Code     0  libinit2.o(.ARM.Collect$$libinit$$00000004)
    __rt_lib_init_rand_1                     0x08000203   Thumb Code     0  libinit2.o(.ARM.Collect$$libinit$$0000000E)
    __rt_lib_init_return                     0x08000203   Thumb Code     0  libinit2.o(.ARM.Collect$$libinit$$00000033)
    __rt_lib_init_signal_1                   0x08000203   Thumb Code     0  libinit2.o(.ARM.Collect$$libinit$$0000001D)
    __rt_lib_init_stdio_1                    0x08000203   Thumb Code     0  libinit2.o(.ARM.Collect$$libinit$$00000025)
    __rt_lib_init_user_alloc_1               0x08000203   Thumb Code     0  libinit2.o(.ARM.Collect$$libinit$$0000000C)
    __rt_lib_shutdown                        0x08000205   Thumb Code     0  libshutdown.o(.ARM.Collect$$libshutdown$$00000000)
    __rt_lib_shutdown_cpp_1                  0x08000207   Thumb Code     0  libshutdown2.o(.ARM.Collect$$libshutdown$$00000002)
    __rt_lib_shutdown_fp_trap_1              0x08000207   Thumb Code     0  libshutdown2.o(.ARM.Collect$$libshutdown$$00000007)
    __rt_lib_shutdown_heap_1                 0x08000207   Thumb Code     0  libshutdown2.o(.ARM.Collect$$libshutdown$$0000000F)
    __rt_lib_shutdown_return                 0x08000207   Thumb Code     0  libshutdown2.o(.ARM.Collect$$libshutdown$$00000010)
    __rt_lib_shutdown_signal_1               0x08000207   Thumb Code     0  libshutdown2.o(.ARM.Collect$$libshutdown$$0000000A)
    __rt_lib_shutdown_stdio_1                0x08000207   Thumb Code     0  libshutdown2.o(.ARM.Collect$$libshutdown$$00000004)
    __rt_lib_shutdown_user_alloc_1           0x08000207   Thumb Code     0  libshutdown2.o(.ARM.Collect$$libshutdown$$0000000C)
    __rt_entry                               0x08000209   Thumb Code     0  __rtentry.o(.ARM.Collect$$rtentry$$00000000)
    __rt_entry_presh_1                       0x08000209   Thumb Code     0  __rtentry2.o(.ARM.Collect$$rtentry$$00000002)
    __rt_entry_sh                            0x08000209   Thumb Code     0  __rtentry4.o(.ARM.Collect$$rtentry$$00000004)
    __rt_entry_li                            0x0800020f   Thumb Code     0  __rtentry2.o(.ARM.Collect$$rtentry$$0000000A)
    __rt_entry_postsh_1                      0x0800020f   Thumb Code     0  __rtentry2.o(.ARM.Collect$$rtentry$$00000009)
    __rt_entry_main                          0x08000213   Thumb Code     0  __rtentry2.o(.ARM.Collect$$rtentry$$0000000D)
    __rt_entry_postli_1                      0x08000213   Thumb Code     0  __rtentry2.o(.ARM.Collect$$rtentry$$0000000C)
    __rt_exit                                0x0800021b   Thumb Code     0  rtexit.o(.ARM.Collect$$rtexit$$00000000)
    __rt_exit_ls                             0x0800021d   Thumb Code     0  rtexit2.o(.ARM.Collect$$rtexit$$00000003)
    __rt_exit_prels_1                        0x0800021d   Thumb Code     0  rtexit2.o(.ARM.Collect$$rtexit$$00000002)
    __rt_exit_exit                           0x08000221   Thumb Code     0  rtexit2.o(.ARM.Collect$$rtexit$$00000004)
    Reset_Handler                            0x08000229   Thumb Code     8  startup_stm32l476xx.o(.text)
    ADC1_2_IRQHandler                        0x08000243   Thumb Code     0  startup_stm32l476xx.o(.text)
    ADC3_IRQHandler                          0x08000243   Thumb Code     0  startup_stm32l476xx.o(.text)
    CAN1_RX0_IRQHandler                      0x08000243   Thumb Code     0  startup_stm32l476xx.o(.text)
    CAN1_RX1_IRQHandler                      0x08000243   Thumb Code     0  startup_stm32l476xx.o(.text)
    CAN1_SCE_IRQHandler                      0x08000243   Thumb Code     0  startup_stm32l476xx.o(.text)
    CAN1_TX_IRQHandler                       0x08000243   Thumb Code     0  startup_stm32l476xx.o(.text)
    COMP_IRQHandler                          0x08000243   Thumb Code     0  startup_stm32l476xx.o(.text)
    DFSDM1_FLT0_IRQHandler                   0x08000243   Thumb Code     0  startup_stm32l476xx.o(.text)
    DFSDM1_FLT1_IRQHandler                   0x08000243   Thumb Code     0  startup_stm32l476xx.o(.text)
    DFSDM1_FLT2_IRQHandler                   0x08000243   Thumb Code     0  startup_stm32l476xx.o(.text)
    DFSDM1_FLT3_IRQHandler                   0x08000243   Thumb Code     0  startup_stm32l476xx.o(.text)
    DMA1_Channel1_IRQHandler                 0x08000243   Thumb Code     0  startup_stm32l476xx.o(.text)
    DMA1_Channel2_IRQHandler                 0x08000243   Thumb Code     0  startup_stm32l476xx.o(.text)
    DMA1_Channel3_IRQHandler                 0x08000243   Thumb Code     0  startup_stm32l476xx.o(.text)
    DMA1_Channel4_IRQHandler                 0x08000243   Thumb Code     0  startup_stm32l476xx.o(.text)
    DMA1_Channel5_IRQHandler                 0x08000243   Thumb Code     0  startup_stm32l476xx.o(.text)
    DMA1_Channel6_IRQHandler                 0x08000243   Thumb Code     0  startup_stm32l476xx.o(.text)
    DMA1_Channel7_IRQHandler                 0x08000243   Thumb Code     0  startup_stm32l476xx.o(.text)
    DMA2_Channel1_IRQHandler                 0x08000243   Thumb Code     0  startup_stm32l476xx.o(.text)
    DMA2_Channel2_IRQHandler                 0x08000243   Thumb Code     0  startup_stm32l476xx.o(.text)
    DMA2_Channel3_IRQHandler                 0x08000243   Thumb Code     0  startup_stm32l476xx.o(.text)
    DMA2_Channel4_IRQHandler                 0x08000243   Thumb Code     0  startup_stm32l476xx.o(.text)
    DMA2_Channel5_IRQHandler                 0x08000243   Thumb Code     0  startup_stm32l476xx.o(.text)
    DMA2_Channel6_IRQHandler                 0x08000243   Thumb Code     0  startup_stm32l476xx.o(.text)
    DMA2_Channel7_IRQHandler                 0x08000243   Thumb Code     0  startup_stm32l476xx.o(.text)
    EXTI0_IRQHandler                         0x08000243   Thumb Code     0  startup_stm32l476xx.o(.text)
    EXTI1_IRQHandler                         0x08000243   Thumb Code     0  startup_stm32l476xx.o(.text)
    EXTI2_IRQHandler                         0x08000243   Thumb Code     0  startup_stm32l476xx.o(.text)
    EXTI3_IRQHandler                         0x08000243   Thumb Code     0  startup_stm32l476xx.o(.text)
    EXTI4_IRQHandler                         0x08000243   Thumb Code     0  startup_stm32l476xx.o(.text)
    EXTI9_5_IRQHandler                       0x08000243   Thumb Code     0  startup_stm32l476xx.o(.text)
    FLASH_IRQHandler                         0x08000243   Thumb Code     0  startup_stm32l476xx.o(.text)
    FMC_IRQHandler                           0x08000243   Thumb Code     0  startup_stm32l476xx.o(.text)
    FPU_IRQHandler                           0x08000243   Thumb Code     0  startup_stm32l476xx.o(.text)
    I2C1_ER_IRQHandler                       0x08000243   Thumb Code     0  startup_stm32l476xx.o(.text)
    I2C1_EV_IRQHandler                       0x08000243   Thumb Code     0  startup_stm32l476xx.o(.text)
    I2C2_ER_IRQHandler                       0x08000243   Thumb Code     0  startup_stm32l476xx.o(.text)
    I2C2_EV_IRQHandler                       0x08000243   Thumb Code     0  startup_stm32l476xx.o(.text)
    I2C3_ER_IRQHandler                       0x08000243   Thumb Code     0  startup_stm32l476xx.o(.text)
    I2C3_EV_IRQHandler                       0x08000243   Thumb Code     0  startup_stm32l476xx.o(.text)
    LCD_IRQHandler                           0x08000243   Thumb Code     0  startup_stm32l476xx.o(.text)
    LPTIM1_IRQHandler                        0x08000243   Thumb Code     0  startup_stm32l476xx.o(.text)
    LPTIM2_IRQHandler                        0x08000243   Thumb Code     0  startup_stm32l476xx.o(.text)
    LPUART1_IRQHandler                       0x08000243   Thumb Code     0  startup_stm32l476xx.o(.text)
    OTG_FS_IRQHandler                        0x08000243   Thumb Code     0  startup_stm32l476xx.o(.text)
    PVD_PVM_IRQHandler                       0x08000243   Thumb Code     0  startup_stm32l476xx.o(.text)
    QUADSPI_IRQHandler                       0x08000243   Thumb Code     0  startup_stm32l476xx.o(.text)
    RCC_IRQHandler                           0x08000243   Thumb Code     0  startup_stm32l476xx.o(.text)
    RNG_IRQHandler                           0x08000243   Thumb Code     0  startup_stm32l476xx.o(.text)
    RTC_Alarm_IRQHandler                     0x08000243   Thumb Code     0  startup_stm32l476xx.o(.text)
    RTC_WKUP_IRQHandler                      0x08000243   Thumb Code     0  startup_stm32l476xx.o(.text)
    SAI1_IRQHandler                          0x08000243   Thumb Code     0  startup_stm32l476xx.o(.text)
    SAI2_IRQHandler                          0x08000243   Thumb Code     0  startup_stm32l476xx.o(.text)
    SDMMC1_IRQHandler                        0x08000243   Thumb Code     0  startup_stm32l476xx.o(.text)
    SPI1_IRQHandler                          0x08000243   Thumb Code     0  startup_stm32l476xx.o(.text)
    SPI2_IRQHandler                          0x08000243   Thumb Code     0  startup_stm32l476xx.o(.text)
    SPI3_IRQHandler                          0x08000243   Thumb Code     0  startup_stm32l476xx.o(.text)
    SWPMI1_IRQHandler                        0x08000243   Thumb Code     0  startup_stm32l476xx.o(.text)
    TAMP_STAMP_IRQHandler                    0x08000243   Thumb Code     0  startup_stm32l476xx.o(.text)
    TIM1_BRK_TIM15_IRQHandler                0x08000243   Thumb Code     0  startup_stm32l476xx.o(.text)
    TIM1_CC_IRQHandler                       0x08000243   Thumb Code     0  startup_stm32l476xx.o(.text)
    TIM1_TRG_COM_TIM17_IRQHandler            0x08000243   Thumb Code     0  startup_stm32l476xx.o(.text)
    TIM1_UP_TIM16_IRQHandler                 0x08000243   Thumb Code     0  startup_stm32l476xx.o(.text)
    TIM2_IRQHandler                          0x08000243   Thumb Code     0  startup_stm32l476xx.o(.text)
    TIM3_IRQHandler                          0x08000243   Thumb Code     0  startup_stm32l476xx.o(.text)
    TIM4_IRQHandler                          0x08000243   Thumb Code     0  startup_stm32l476xx.o(.text)
    TIM5_IRQHandler                          0x08000243   Thumb Code     0  startup_stm32l476xx.o(.text)
    TIM6_DAC_IRQHandler                      0x08000243   Thumb Code     0  startup_stm32l476xx.o(.text)
    TIM7_IRQHandler                          0x08000243   Thumb Code     0  startup_stm32l476xx.o(.text)
    TIM8_BRK_IRQHandler                      0x08000243   Thumb Code     0  startup_stm32l476xx.o(.text)
    TIM8_CC_IRQHandler                       0x08000243   Thumb Code     0  startup_stm32l476xx.o(.text)
    TIM8_TRG_COM_IRQHandler                  0x08000243   Thumb Code     0  startup_stm32l476xx.o(.text)
    TIM8_UP_IRQHandler                       0x08000243   Thumb Code     0  startup_stm32l476xx.o(.text)
    TSC_IRQHandler                           0x08000243   Thumb Code     0  startup_stm32l476xx.o(.text)
    UART4_IRQHandler                         0x08000243   Thumb Code     0  startup_stm32l476xx.o(.text)
    UART5_IRQHandler                         0x08000243   Thumb Code     0  startup_stm32l476xx.o(.text)
    USART1_IRQHandler                        0x08000243   Thumb Code     0  startup_stm32l476xx.o(.text)
    USART2_IRQHandler                        0x08000243   Thumb Code     0  startup_stm32l476xx.o(.text)
    USART3_IRQHandler                        0x08000243   Thumb Code     0  startup_stm32l476xx.o(.text)
    WWDG_IRQHandler                          0x08000243   Thumb Code     0  startup_stm32l476xx.o(.text)
    __user_initial_stackheap                 0x08000245   Thumb Code     0  startup_stm32l476xx.o(.text)
    __aeabi_uldivmod                         0x08000269   Thumb Code     0  lludivv7m.o(.text)
    _ll_udiv                                 0x08000269   Thumb Code   238  lludivv7m.o(.text)
    __use_two_region_memory                  0x08000357   Thumb Code     2  heapauxi.o(.text)
    __rt_heap_escrow$2region                 0x08000359   Thumb Code     2  heapauxi.o(.text)
    __rt_heap_expand$2region                 0x0800035b   Thumb Code     2  heapauxi.o(.text)
    __user_setup_stackheap                   0x0800035d   Thumb Code    74  sys_stackheap_outer.o(.text)
    exit                                     0x080003a7   Thumb Code    18  exit.o(.text)
    __user_libspace                          0x080003b9   Thumb Code     8  libspace.o(.text)
    __user_perproc_libspace                  0x080003b9   Thumb Code     0  libspace.o(.text)
    __user_perthread_libspace                0x080003b9   Thumb Code     0  libspace.o(.text)
    _sys_exit                                0x080003c1   Thumb Code     8  sys_exit.o(.text)
    __I$use$semihosting                      0x080003cd   Thumb Code     0  use_no_semi.o(.text)
    __use_no_semihosting_swi                 0x080003cd   Thumb Code     2  use_no_semi.o(.text)
    BusFault_Handler                         0x080003cf   Thumb Code     4  stm32l4xx_it.o(i.BusFault_Handler)
    __semihosting_library_function           0x080003cf   Thumb Code     0  indicate_semi.o(.text)
    DebugMon_Handler                         0x080003d3   Thumb Code     2  stm32l4xx_it.o(i.DebugMon_Handler)
    EXTI15_10_IRQHandler                     0x080003d5   Thumb Code    12  stm32l4xx_it.o(i.EXTI15_10_IRQHandler)
    HAL_GPIO_EXTI_Callback                   0x080003e1   Thumb Code    14  main.o(i.HAL_GPIO_EXTI_Callback)
    HAL_GPIO_EXTI_IRQHandler                 0x080003f5   Thumb Code    24  stm32l4xx_hal_gpio.o(i.HAL_GPIO_EXTI_IRQHandler)
    HAL_GPIO_Init                            0x08000411   Thumb Code   484  stm32l4xx_hal_gpio.o(i.HAL_GPIO_Init)
    HAL_GetTick                              0x08000619   Thumb Code     6  stm32l4xx_hal.o(i.HAL_GetTick)
    HAL_I2CEx_ConfigAnalogFilter             0x08000625   Thumb Code   106  stm32l4xx_hal_i2c_ex.o(i.HAL_I2CEx_ConfigAnalogFilter)
    HAL_I2CEx_ConfigDigitalFilter            0x0800068f   Thumb Code   106  stm32l4xx_hal_i2c_ex.o(i.HAL_I2CEx_ConfigDigitalFilter)
    HAL_I2C_Init                             0x080006f9   Thumb Code   192  stm32l4xx_hal_i2c.o(i.HAL_I2C_Init)
    HAL_I2C_Master_Receive                   0x080007bd   Thumb Code   374  stm32l4xx_hal_i2c.o(i.HAL_I2C_Master_Receive)
    HAL_I2C_Master_Transmit                  0x08000939   Thumb Code   368  stm32l4xx_hal_i2c.o(i.HAL_I2C_Master_Transmit)
    HAL_I2C_MspInit                          0x08000aad   Thumb Code    74  stm32l4xx_hal_msp.o(i.HAL_I2C_MspInit)
    HAL_IncTick                              0x08000b05   Thumb Code    12  stm32l4xx_hal.o(i.HAL_IncTick)
    HAL_Init                                 0x08000b15   Thumb Code    22  stm32l4xx_hal.o(i.HAL_Init)
    HAL_InitTick                             0x08000b2d   Thumb Code    36  stm32l4xx_hal.o(i.HAL_InitTick)
    HAL_MspInit                              0x08000b55   Thumb Code   140  stm32l4xx_hal_msp.o(i.HAL_MspInit)
    HAL_NVIC_EnableIRQ                       0x08000be5   Thumb Code    32  stm32l4xx_hal_cortex.o(i.HAL_NVIC_EnableIRQ)
    HAL_NVIC_SetPriority                     0x08000c05   Thumb Code   124  stm32l4xx_hal_cortex.o(i.HAL_NVIC_SetPriority)
    HAL_NVIC_SetPriorityGrouping             0x08000c89   Thumb Code    32  stm32l4xx_hal_cortex.o(i.HAL_NVIC_SetPriorityGrouping)
    HAL_PWREx_ControlVoltageScaling          0x08000cb1   Thumb Code   122  stm32l4xx_hal_pwr_ex.o(i.HAL_PWREx_ControlVoltageScaling)
    HAL_PWREx_GetVoltageRange                0x08000d39   Thumb Code    10  stm32l4xx_hal_pwr_ex.o(i.HAL_PWREx_GetVoltageRange)
    HAL_RCCEx_PeriphCLKConfig                0x08000d49   Thumb Code  1230  stm32l4xx_hal_rcc_ex.o(i.HAL_RCCEx_PeriphCLKConfig)
    HAL_RCC_ClockConfig                      0x0800121d   Thumb Code   458  stm32l4xx_hal_rcc.o(i.HAL_RCC_ClockConfig)
    HAL_RCC_GetHCLKFreq                      0x080013f9   Thumb Code     6  stm32l4xx_hal_rcc.o(i.HAL_RCC_GetHCLKFreq)
    HAL_RCC_GetPCLK1Freq                     0x08001405   Thumb Code    22  stm32l4xx_hal_rcc.o(i.HAL_RCC_GetPCLK1Freq)
    HAL_RCC_GetPCLK2Freq                     0x08001425   Thumb Code    22  stm32l4xx_hal_rcc.o(i.HAL_RCC_GetPCLK2Freq)
    HAL_RCC_GetSysClockFreq                  0x08001445   Thumb Code   252  stm32l4xx_hal_rcc.o(i.HAL_RCC_GetSysClockFreq)
    HAL_RCC_OscConfig                        0x08001551   Thumb Code  1558  stm32l4xx_hal_rcc.o(i.HAL_RCC_OscConfig)
    HAL_SYSTICK_CLKSourceConfig              0x08001b75   Thumb Code    40  stm32l4xx_hal_cortex.o(i.HAL_SYSTICK_CLKSourceConfig)
    HAL_SYSTICK_Callback                     0x08001b9d   Thumb Code     2  stm32l4xx_hal_cortex.o(i.HAL_SYSTICK_Callback)
    HAL_SYSTICK_Config                       0x08001b9f   Thumb Code    52  stm32l4xx_hal_cortex.o(i.HAL_SYSTICK_Config)
    HAL_SYSTICK_IRQHandler                   0x08001bd3   Thumb Code     8  stm32l4xx_hal_cortex.o(i.HAL_SYSTICK_IRQHandler)
    HAL_UART_Init                            0x08001bdb   Thumb Code   120  stm32l4xx_hal_uart.o(i.HAL_UART_Init)
    HAL_UART_MspInit                         0x08001c55   Thumb Code    76  stm32l4xx_hal_msp.o(i.HAL_UART_MspInit)
    HAL_UART_Transmit                        0x08001ca9   Thumb Code   200  stm32l4xx_hal_uart.o(i.HAL_UART_Transmit)
    HardFault_Handler                        0x08001d71   Thumb Code     4  stm32l4xx_it.o(i.HardFault_Handler)
    MemManage_Handler                        0x0800216d   Thumb Code     4  stm32l4xx_it.o(i.MemManage_Handler)
    NMI_Handler                              0x08002171   Thumb Code     2  stm32l4xx_it.o(i.NMI_Handler)
    PendSV_Handler                           0x08002173   Thumb Code     2  stm32l4xx_it.o(i.PendSV_Handler)
    SVC_Handler                              0x08002505   Thumb Code     2  stm32l4xx_it.o(i.SVC_Handler)
    SysTick_Handler                          0x08002507   Thumb Code    12  stm32l4xx_it.o(i.SysTick_Handler)
    SystemClock_Config                       0x08002515   Thumb Code   154  main.o(i.SystemClock_Config)
    SystemInit                               0x080025e5   Thumb Code    68  system_stm32l4xx.o(i.SystemInit)
    UART_AdvFeatureConfig                    0x08002635   Thumb Code   234  stm32l4xx_hal_uart.o(i.UART_AdvFeatureConfig)
    UART_CheckIdleState                      0x0800271f   Thumb Code   116  stm32l4xx_hal_uart.o(i.UART_CheckIdleState)
    UART_SetConfig                           0x08002795   Thumb Code  1158  stm32l4xx_hal_uart.o(i.UART_SetConfig)
    UART_WaitOnFlagUntilTimeout              0x08002c27   Thumb Code   108  stm32l4xx_hal_uart.o(i.UART_WaitOnFlagUntilTimeout)
    UsageFault_Handler                       0x08002c93   Thumb Code     4  stm32l4xx_it.o(i.UsageFault_Handler)
    _Error_Handler                           0x08002c97   Thumb Code     4  main.o(i._Error_Handler)
    main                                     0x08002cd5   Thumb Code    90  main.o(i.main)
    max30101_init                            0x08002d3d   Thumb Code   616  max30101_new.o(i.max30101_init)
    max30101_on                              0x08002fbd   Thumb Code   122  max30101_new.o(i.max30101_on)
    max30101_sample_fetch                    0x08003045   Thumb Code   138  max30101_new.o(i.max30101_sample_fetch)
    _fp_init                                 0x080030e1   Thumb Code    10  fpinit.o(x$fpl$fpinit)
    __fplib_config_fpu_vfp                   0x080030e9   Thumb Code     0  fpinit.o(x$fpl$fpinit)
    __fplib_config_pureend_doubles           0x080030e9   Thumb Code     0  fpinit.o(x$fpl$fpinit)
    AHBPrescTable                            0x080030ec   Data          16  system_stm32l4xx.o(.constdata)
    APBPrescTable                            0x080030fc   Data           8  system_stm32l4xx.o(.constdata)
    MSIRangeTable                            0x08003104   Data          48  system_stm32l4xx.o(.constdata)
    Region$$Table$$Base                      0x08003134   Number         0  anon$$obj.o(Region$$Table)
    Region$$Table$$Limit                     0x08003154   Number         0  anon$$obj.o(Region$$Table)
    ppgReady                                 0x20000000   Data           1  main.o(.data)
    frame                                    0x20000001   Data           5  main.o(.data)
    MAX30101_REG_MODE_CFG                    0x20000006   Data           1  max30101_new.o(.data)
    MAX30101_REG_FIFO_DATA                   0x20000007   Data           1  max30101_new.o(.data)
    MAX30101_REG_FIFO_RD                     0x20000008   Data           1  max30101_new.o(.data)
    MAX30101_REG_FIFO_WR                     0x20000009   Data           1  max30101_new.o(.data)
    returnValue                              0x2000000a   Data           1  max30101_new.o(.data)
    address                                  0x2000000b   Data           1  max30101_new.o(.data)
    uwTick                                   0x2000000c   Data           4  stm32l4xx_hal.o(.data)
    SystemCoreClock                          0x20000010   Data           4  system_stm32l4xx.o(.data)
    hi2c1                                    0x20000014   Data          76  main.o(.bss)
    huart4                                   0x20000060   Data         120  main.o(.bss)
    __libspace_start                         0x200000d8   Data          96  libspace.o(.bss)
    __temporary_stack_top$libspace           0x20000138   Data           0  libspace.o(.bss)



==============================================================================

Memory Map of the image

  Image Entry point : 0x08000229

  Load Region LR_1 (Base: 0x08000000, Size: 0x00003168, Max: 0xffffffff, ABSOLUTE)

    Execution Region ER_RO (Exec base: 0x08000000, Load base: 0x08000000, Size: 0x00003154, Max: 0xffffffff, ABSOLUTE)

    Exec Addr    Load Addr    Size         Type   Attr      Idx    E Section Name        Object

    0x08000000   0x08000000   0x00000188   Data   RO         2364    RESET               startup_stm32l476xx.o
    0x08000188   0x08000188   0x00000008   Code   RO         2412  * !!!main             c_w.l(__main.o)
    0x08000190   0x08000190   0x00000034   Code   RO         2579    !!!scatter          c_w.l(__scatter.o)
    0x080001c4   0x080001c4   0x0000001a   Code   RO         2581    !!handler_copy      c_w.l(__scatter_copy.o)
    0x080001de   0x080001de   0x00000002   PAD
    0x080001e0   0x080001e0   0x0000001c   Code   RO         2583    !!handler_zi        c_w.l(__scatter_zi.o)
    0x080001fc   0x080001fc   0x00000002   Code   RO         2449    .ARM.Collect$$libinit$$00000000  c_w.l(libinit.o)
    0x080001fe   0x080001fe   0x00000004   Code   RO         2461    .ARM.Collect$$libinit$$00000001  c_w.l(libinit2.o)
    0x08000202   0x08000202   0x00000000   Code   RO         2464    .ARM.Collect$$libinit$$00000004  c_w.l(libinit2.o)
    0x08000202   0x08000202   0x00000000   Code   RO         2467    .ARM.Collect$$libinit$$0000000A  c_w.l(libinit2.o)
    0x08000202   0x08000202   0x00000000   Code   RO         2469    .ARM.Collect$$libinit$$0000000C  c_w.l(libinit2.o)
    0x08000202   0x08000202   0x00000000   Code   RO         2471    .ARM.Collect$$libinit$$0000000E  c_w.l(libinit2.o)
    0x08000202   0x08000202   0x00000000   Code   RO         2474    .ARM.Collect$$libinit$$00000011  c_w.l(libinit2.o)
    0x08000202   0x08000202   0x00000000   Code   RO         2476    .ARM.Collect$$libinit$$00000013  c_w.l(libinit2.o)
    0x08000202   0x08000202   0x00000000   Code   RO         2478    .ARM.Collect$$libinit$$00000015  c_w.l(libinit2.o)
    0x08000202   0x08000202   0x00000000   Code   RO         2480    .ARM.Collect$$libinit$$00000017  c_w.l(libinit2.o)
    0x08000202   0x08000202   0x00000000   Code   RO         2482    .ARM.Collect$$libinit$$00000019  c_w.l(libinit2.o)
    0x08000202   0x08000202   0x00000000   Code   RO         2484    .ARM.Collect$$libinit$$0000001B  c_w.l(libinit2.o)
    0x08000202   0x08000202   0x00000000   Code   RO         2486    .ARM.Collect$$libinit$$0000001D  c_w.l(libinit2.o)
    0x08000202   0x08000202   0x00000000   Code   RO         2488    .ARM.Collect$$libinit$$0000001F  c_w.l(libinit2.o)
    0x08000202   0x08000202   0x00000000   Code   RO         2490    .ARM.Collect$$libinit$$00000021  c_w.l(libinit2.o)
    0x08000202   0x08000202   0x00000000   Code   RO         2492    .ARM.Collect$$libinit$$00000023  c_w.l(libinit2.o)
    0x08000202   0x08000202   0x00000000   Code   RO         2494    .ARM.Collect$$libinit$$00000025  c_w.l(libinit2.o)
    0x08000202   0x08000202   0x00000000   Code   RO         2498    .ARM.Collect$$libinit$$0000002C  c_w.l(libinit2.o)
    0x08000202   0x08000202   0x00000000   Code   RO         2500    .ARM.Collect$$libinit$$0000002E  c_w.l(libinit2.o)
    0x08000202   0x08000202   0x00000000   Code   RO         2502    .ARM.Collect$$libinit$$00000030  c_w.l(libinit2.o)
    0x08000202   0x08000202   0x00000000   Code   RO         2504    .ARM.Collect$$libinit$$00000032  c_w.l(libinit2.o)
    0x08000202   0x08000202   0x00000002   Code   RO         2505    .ARM.Collect$$libinit$$00000033  c_w.l(libinit2.o)
    0x08000204   0x08000204   0x00000002   Code   RO         2536    .ARM.Collect$$libshutdown$$00000000  c_w.l(libshutdown.o)
    0x08000206   0x08000206   0x00000000   Code   RO         2562    .ARM.Collect$$libshutdown$$00000002  c_w.l(libshutdown2.o)
    0x08000206   0x08000206   0x00000000   Code   RO         2564    .ARM.Collect$$libshutdown$$00000004  c_w.l(libshutdown2.o)
    0x08000206   0x08000206   0x00000000   Code   RO         2567    .ARM.Collect$$libshutdown$$00000007  c_w.l(libshutdown2.o)
    0x08000206   0x08000206   0x00000000   Code   RO         2570    .ARM.Collect$$libshutdown$$0000000A  c_w.l(libshutdown2.o)
    0x08000206   0x08000206   0x00000000   Code   RO         2572    .ARM.Collect$$libshutdown$$0000000C  c_w.l(libshutdown2.o)
    0x08000206   0x08000206   0x00000000   Code   RO         2575    .ARM.Collect$$libshutdown$$0000000F  c_w.l(libshutdown2.o)
    0x08000206   0x08000206   0x00000002   Code   RO         2576    .ARM.Collect$$libshutdown$$00000010  c_w.l(libshutdown2.o)
    0x08000208   0x08000208   0x00000000   Code   RO         2414    .ARM.Collect$$rtentry$$00000000  c_w.l(__rtentry.o)
    0x08000208   0x08000208   0x00000000   Code   RO         2420    .ARM.Collect$$rtentry$$00000002  c_w.l(__rtentry2.o)
    0x08000208   0x08000208   0x00000006   Code   RO         2432    .ARM.Collect$$rtentry$$00000004  c_w.l(__rtentry4.o)
    0x0800020e   0x0800020e   0x00000000   Code   RO         2422    .ARM.Collect$$rtentry$$00000009  c_w.l(__rtentry2.o)
    0x0800020e   0x0800020e   0x00000004   Code   RO         2423    .ARM.Collect$$rtentry$$0000000A  c_w.l(__rtentry2.o)
    0x08000212   0x08000212   0x00000000   Code   RO         2425    .ARM.Collect$$rtentry$$0000000C  c_w.l(__rtentry2.o)
    0x08000212   0x08000212   0x00000008   Code   RO         2426    .ARM.Collect$$rtentry$$0000000D  c_w.l(__rtentry2.o)
    0x0800021a   0x0800021a   0x00000002   Code   RO         2453    .ARM.Collect$$rtexit$$00000000  c_w.l(rtexit.o)
    0x0800021c   0x0800021c   0x00000000   Code   RO         2509    .ARM.Collect$$rtexit$$00000002  c_w.l(rtexit2.o)
    0x0800021c   0x0800021c   0x00000004   Code   RO         2510    .ARM.Collect$$rtexit$$00000003  c_w.l(rtexit2.o)
    0x08000220   0x08000220   0x00000006   Code   RO         2511    .ARM.Collect$$rtexit$$00000004  c_w.l(rtexit2.o)
    0x08000226   0x08000226   0x00000002   PAD
    0x08000228   0x08000228   0x00000040   Code   RO         2365  * .text               startup_stm32l476xx.o
    0x08000268   0x08000268   0x000000ee   Code   RO         2408    .text               c_w.l(lludivv7m.o)
    0x08000356   0x08000356   0x00000006   Code   RO         2410    .text               c_w.l(heapauxi.o)
    0x0800035c   0x0800035c   0x0000004a   Code   RO         2436    .text               c_w.l(sys_stackheap_outer.o)
    0x080003a6   0x080003a6   0x00000012   Code   RO         2438    .text               c_w.l(exit.o)
    0x080003b8   0x080003b8   0x00000008   Code   RO         2450    .text               c_w.l(libspace.o)
    0x080003c0   0x080003c0   0x0000000c   Code   RO         2506    .text               c_w.l(sys_exit.o)
    0x080003cc   0x080003cc   0x00000002   Code   RO         2525    .text               c_w.l(use_no_semi.o)
    0x080003ce   0x080003ce   0x00000000   Code   RO         2527    .text               c_w.l(indicate_semi.o)
    0x080003ce   0x080003ce   0x00000004   Code   RO          167    i.BusFault_Handler  stm32l4xx_it.o
    0x080003d2   0x080003d2   0x00000002   Code   RO          168    i.DebugMon_Handler  stm32l4xx_it.o
    0x080003d4   0x080003d4   0x0000000c   Code   RO          169    i.EXTI15_10_IRQHandler  stm32l4xx_it.o
    0x080003e0   0x080003e0   0x00000014   Code   RO            4    i.HAL_GPIO_EXTI_Callback  main.o
    0x080003f4   0x080003f4   0x0000001c   Code   RO          802    i.HAL_GPIO_EXTI_IRQHandler  stm32l4xx_hal_gpio.o
    0x08000410   0x08000410   0x00000208   Code   RO          803    i.HAL_GPIO_Init     stm32l4xx_hal_gpio.o
    0x08000618   0x08000618   0x0000000c   Code   RO          357    i.HAL_GetTick       stm32l4xx_hal.o
    0x08000624   0x08000624   0x0000006a   Code   RO         1294    i.HAL_I2CEx_ConfigAnalogFilter  stm32l4xx_hal_i2c_ex.o
    0x0800068e   0x0800068e   0x0000006a   Code   RO         1295    i.HAL_I2CEx_ConfigDigitalFilter  stm32l4xx_hal_i2c_ex.o
    0x080006f8   0x080006f8   0x000000c4   Code   RO          877    i.HAL_I2C_Init      stm32l4xx_hal_i2c.o
    0x080007bc   0x080007bc   0x0000017c   Code   RO          883    i.HAL_I2C_Master_Receive  stm32l4xx_hal_i2c.o
    0x08000938   0x08000938   0x00000174   Code   RO          888    i.HAL_I2C_Master_Transmit  stm32l4xx_hal_i2c.o
    0x08000aac   0x08000aac   0x00000058   Code   RO          299    i.HAL_I2C_MspInit   stm32l4xx_hal_msp.o
    0x08000b04   0x08000b04   0x00000010   Code   RO          361    i.HAL_IncTick       stm32l4xx_hal.o
    0x08000b14   0x08000b14   0x00000016   Code   RO          362    i.HAL_Init          stm32l4xx_hal.o
    0x08000b2a   0x08000b2a   0x00000002   PAD
    0x08000b2c   0x08000b2c   0x00000028   Code   RO          363    i.HAL_InitTick      stm32l4xx_hal.o
    0x08000b54   0x08000b54   0x00000090   Code   RO          300    i.HAL_MspInit       stm32l4xx_hal_msp.o
    0x08000be4   0x08000be4   0x00000020   Code   RO          562    i.HAL_NVIC_EnableIRQ  stm32l4xx_hal_cortex.o
    0x08000c04   0x08000c04   0x00000082   Code   RO          568    i.HAL_NVIC_SetPriority  stm32l4xx_hal_cortex.o
    0x08000c86   0x08000c86   0x00000002   PAD
    0x08000c88   0x08000c88   0x00000028   Code   RO          569    i.HAL_NVIC_SetPriorityGrouping  stm32l4xx_hal_cortex.o
    0x08000cb0   0x08000cb0   0x00000088   Code   RO         1463    i.HAL_PWREx_ControlVoltageScaling  stm32l4xx_hal_pwr_ex.o
    0x08000d38   0x08000d38   0x00000010   Code   RO         1494    i.HAL_PWREx_GetVoltageRange  stm32l4xx_hal_pwr_ex.o
    0x08000d48   0x08000d48   0x000004d4   Code   RO         1824    i.HAL_RCCEx_PeriphCLKConfig  stm32l4xx_hal_rcc_ex.o
    0x0800121c   0x0800121c   0x000001dc   Code   RO         1709    i.HAL_RCC_ClockConfig  stm32l4xx_hal_rcc.o
    0x080013f8   0x080013f8   0x0000000c   Code   RO         1713    i.HAL_RCC_GetHCLKFreq  stm32l4xx_hal_rcc.o
    0x08001404   0x08001404   0x00000020   Code   RO         1715    i.HAL_RCC_GetPCLK1Freq  stm32l4xx_hal_rcc.o
    0x08001424   0x08001424   0x00000020   Code   RO         1716    i.HAL_RCC_GetPCLK2Freq  stm32l4xx_hal_rcc.o
    0x08001444   0x08001444   0x0000010c   Code   RO         1717    i.HAL_RCC_GetSysClockFreq  stm32l4xx_hal_rcc.o
    0x08001550   0x08001550   0x00000624   Code   RO         1720    i.HAL_RCC_OscConfig  stm32l4xx_hal_rcc.o
    0x08001b74   0x08001b74   0x00000028   Code   RO          571    i.HAL_SYSTICK_CLKSourceConfig  stm32l4xx_hal_cortex.o
    0x08001b9c   0x08001b9c   0x00000002   Code   RO          572    i.HAL_SYSTICK_Callback  stm32l4xx_hal_cortex.o
    0x08001b9e   0x08001b9e   0x00000034   Code   RO          573    i.HAL_SYSTICK_Config  stm32l4xx_hal_cortex.o
    0x08001bd2   0x08001bd2   0x00000008   Code   RO          574    i.HAL_SYSTICK_IRQHandler  stm32l4xx_hal_cortex.o
    0x08001bda   0x08001bda   0x00000078   Code   RO         1971    i.HAL_UART_Init     stm32l4xx_hal_uart.o
    0x08001c52   0x08001c52   0x00000002   PAD
    0x08001c54   0x08001c54   0x00000054   Code   RO          302    i.HAL_UART_MspInit  stm32l4xx_hal_msp.o
    0x08001ca8   0x08001ca8   0x000000c8   Code   RO         1979    i.HAL_UART_Transmit  stm32l4xx_hal_uart.o
    0x08001d70   0x08001d70   0x00000004   Code   RO          170    i.HardFault_Handler  stm32l4xx_it.o
    0x08001d74   0x08001d74   0x00000028   Code   RO          919    i.I2C_Flush_TXDR    stm32l4xx_hal_i2c.o
    0x08001d9c   0x08001d9c   0x0000008c   Code   RO          927    i.I2C_IsAcknowledgeFailed  stm32l4xx_hal_i2c.o
    0x08001e28   0x08001e28   0x00000030   Code   RO          934    i.I2C_TransferConfig  stm32l4xx_hal_i2c.o
    0x08001e58   0x08001e58   0x00000056   Code   RO          935    i.I2C_WaitOnFlagUntilTimeout  stm32l4xx_hal_i2c.o
    0x08001eae   0x08001eae   0x00000002   PAD
    0x08001eb0   0x08001eb0   0x00000090   Code   RO          936    i.I2C_WaitOnRXNEFlagUntilTimeout  stm32l4xx_hal_i2c.o
    0x08001f40   0x08001f40   0x00000056   Code   RO          937    i.I2C_WaitOnSTOPFlagUntilTimeout  stm32l4xx_hal_i2c.o
    0x08001f96   0x08001f96   0x0000005a   Code   RO          938    i.I2C_WaitOnTXISFlagUntilTimeout  stm32l4xx_hal_i2c.o
    0x08001ff0   0x08001ff0   0x0000006c   Code   RO            5    i.MX_GPIO_Init      main.o
    0x0800205c   0x0800205c   0x00000094   Code   RO            6    i.MX_I2C1_Init      main.o
    0x080020f0   0x080020f0   0x0000007c   Code   RO            7    i.MX_UART4_Init     main.o
    0x0800216c   0x0800216c   0x00000004   Code   RO          171    i.MemManage_Handler  stm32l4xx_it.o
    0x08002170   0x08002170   0x00000002   Code   RO          172    i.NMI_Handler       stm32l4xx_it.o
    0x08002172   0x08002172   0x00000002   Code   RO          173    i.PendSV_Handler    stm32l4xx_it.o
    0x08002174   0x08002174   0x0000018c   Code   RO         1827    i.RCCEx_PLLSAI1_Config  stm32l4xx_hal_rcc_ex.o
    0x08002300   0x08002300   0x00000164   Code   RO         1828    i.RCCEx_PLLSAI2_Config  stm32l4xx_hal_rcc_ex.o
    0x08002464   0x08002464   0x000000a0   Code   RO         1721    i.RCC_SetFlashLatencyFromMSIRange  stm32l4xx_hal_rcc.o
    0x08002504   0x08002504   0x00000002   Code   RO          174    i.SVC_Handler       stm32l4xx_it.o
    0x08002506   0x08002506   0x0000000c   Code   RO          175    i.SysTick_Handler   stm32l4xx_it.o
    0x08002512   0x08002512   0x00000002   PAD
    0x08002514   0x08002514   0x000000d0   Code   RO            8    i.SystemClock_Config  main.o
    0x080025e4   0x080025e4   0x00000050   Code   RO         2373    i.SystemInit        system_stm32l4xx.o
    0x08002634   0x08002634   0x000000ea   Code   RO         1984    i.UART_AdvFeatureConfig  stm32l4xx_hal_uart.o
    0x0800271e   0x0800271e   0x00000074   Code   RO         1985    i.UART_CheckIdleState  stm32l4xx_hal_uart.o
    0x08002792   0x08002792   0x00000002   PAD
    0x08002794   0x08002794   0x00000492   Code   RO         2001    i.UART_SetConfig    stm32l4xx_hal_uart.o
    0x08002c26   0x08002c26   0x0000006c   Code   RO         2004    i.UART_WaitOnFlagUntilTimeout  stm32l4xx_hal_uart.o
    0x08002c92   0x08002c92   0x00000004   Code   RO          176    i.UsageFault_Handler  stm32l4xx_it.o
    0x08002c96   0x08002c96   0x00000004   Code   RO            9    i._Error_Handler    main.o
    0x08002c9a   0x08002c9a   0x00000002   PAD
    0x08002c9c   0x08002c9c   0x00000010   Code   RO          575    i.__NVIC_GetPriorityGrouping  stm32l4xx_hal_cortex.o
    0x08002cac   0x08002cac   0x00000028   Code   RO          576    i.__NVIC_SetPriority  stm32l4xx_hal_cortex.o
    0x08002cd4   0x08002cd4   0x00000068   Code   RO           10    i.main              main.o
    0x08002d3c   0x08002d3c   0x00000280   Code   RO          248    i.max30101_init     max30101_new.o
    0x08002fbc   0x08002fbc   0x00000088   Code   RO          250    i.max30101_on       max30101_new.o
    0x08003044   0x08003044   0x0000009c   Code   RO          251    i.max30101_sample_fetch  max30101_new.o
    0x080030e0   0x080030e0   0x0000000a   Code   RO         2521    x$fpl$fpinit        fz_wm.l(fpinit.o)
    0x080030ea   0x080030ea   0x00000002   PAD
    0x080030ec   0x080030ec   0x00000048   Data   RO         2374    .constdata          system_stm32l4xx.o
    0x08003134   0x08003134   0x00000020   Data   RO         2577    Region$$Table       anon$$obj.o


    Execution Region ER_RW (Exec base: 0x20000000, Load base: 0x08003154, Size: 0x00000014, Max: 0xffffffff, ABSOLUTE)

    Exec Addr    Load Addr    Size         Type   Attr      Idx    E Section Name        Object

    0x20000000   0x08003154   0x00000006   Data   RW           12    .data               main.o
    0x20000006   0x0800315a   0x00000006   Data   RW          253    .data               max30101_new.o
    0x2000000c   0x08003160   0x00000004   Data   RW          378    .data               stm32l4xx_hal.o
    0x20000010   0x08003164   0x00000004   Data   RW         2375    .data               system_stm32l4xx.o


    Execution Region ER_ZI (Exec base: 0x20000014, Load base: 0x08003168, Size: 0x00000724, Max: 0xffffffff, ABSOLUTE)

    Exec Addr    Load Addr    Size         Type   Attr      Idx    E Section Name        Object

    0x20000014        -       0x000000c4   Zero   RW           11    .bss                main.o
    0x200000d8        -       0x00000060   Zero   RW         2451    .bss                c_w.l(libspace.o)
    0x20000138        -       0x00000200   Zero   RW         2363    HEAP                startup_stm32l476xx.o
    0x20000338        -       0x00000400   Zero   RW         2362    STACK               startup_stm32l476xx.o


==============================================================================

Image component sizes


      Code (inc. data)   RO Data    RW Data    ZI Data      Debug   Object Name

       716        204          0          6        196     799252   main.o
       932         56          0          6          0       5564   max30101_new.o
        64         26        392          0       1536        868   startup_stm32l476xx.o
        90         14          0          4          0       3555   stm32l4xx_hal.o
       360         22          0          0          0      35769   stm32l4xx_hal_cortex.o
       548         40          0          0          0       2427   stm32l4xx_hal_gpio.o
      1582         30          0          0          0      10314   stm32l4xx_hal_i2c.o
       212          0          0          0          0       1987   stm32l4xx_hal_i2c_ex.o
       316         26          0          0          0       2771   stm32l4xx_hal_msp.o
       152         20          0          0          0       1370   stm32l4xx_hal_pwr_ex.o
      2552        100          0          0          0       7124   stm32l4xx_hal_rcc.o
      1988         44          0          0          0       3992   stm32l4xx_hal_rcc_ex.o
      1948         50          0          0          0       6049   stm32l4xx_hal_uart.o
        48          0          0          0          0       5397   stm32l4xx_it.o
        80         12         72          4          0       1409   system_stm32l4xx.o

    ----------------------------------------------------------------------
     11602        644        496         20       1732     887848   Object Totals
         0          0         32          0          0          0   (incl. Generated)
        14          0          0          0          0          0   (incl. Padding)

    ----------------------------------------------------------------------

      Code (inc. data)   RO Data    RW Data    ZI Data      Debug   Library Member Name

         8          0          0          0          0         68   __main.o
         0          0          0          0          0          0   __rtentry.o
        12          0          0          0          0          0   __rtentry2.o
         6          0          0          0          0          0   __rtentry4.o
        52          8          0          0          0          0   __scatter.o
        26          0          0          0          0          0   __scatter_copy.o
        28          0          0          0          0          0   __scatter_zi.o
        18          0          0          0          0         80   exit.o
         6          0          0          0          0        152   heapauxi.o
         0          0          0          0          0          0   indicate_semi.o
         2          0          0          0          0          0   libinit.o
         6          0          0          0          0          0   libinit2.o
         2          0          0          0          0          0   libshutdown.o
         2          0          0          0          0          0   libshutdown2.o
         8          4          0          0         96         68   libspace.o
       238          0          0          0          0        100   lludivv7m.o
         2          0          0          0          0          0   rtexit.o
        10          0          0          0          0          0   rtexit2.o
        12          4          0          0          0         68   sys_exit.o
        74          0          0          0          0         80   sys_stackheap_outer.o
         2          0          0          0          0         68   use_no_semi.o
        10          0          0          0          0        116   fpinit.o

    ----------------------------------------------------------------------
       530         16          0          0         96        800   Library Totals
         6          0          0          0          0          0   (incl. Padding)

    ----------------------------------------------------------------------

      Code (inc. data)   RO Data    RW Data    ZI Data      Debug   Library Name

       514         16          0          0         96        684   c_w.l
        10          0          0          0          0        116   fz_wm.l

    ----------------------------------------------------------------------
       530         16          0          0         96        800   Library Totals

    ----------------------------------------------------------------------

==============================================================================


      Code (inc. data)   RO Data    RW Data    ZI Data      Debug   

     12132        660        496         20       1828     882140   Grand Totals
     12132        660        496         20       1828     882140   ELF Image Totals
     12132        660        496         20          0          0   ROM Totals

==============================================================================

    Total RO  Size (Code + RO Data)                12628 (  12.33kB)
    Total RW  Size (RW Data + ZI Data)              1848 (   1.80kB)
    Total ROM Size (Code + RO Data + RW Data)      12648 (  12.35kB)

==============================================================================

