<html>
<body>
<pre>
<h1>µVision Build Log</h1>
<h2>Tool Versions:</h2>
IDE-Version: µVision V5.24.2.0
Copyright (C) 2017 ARM Ltd and ARM Germany GmbH. All rights reserved.
License Information: Alexander Gomez Villa, SUPSI, LIC=----
 
Tool Versions:
Toolchain:       MDK-Lite  Version: 5.24.1
Toolchain Path:  D:\ARM\ARMCC\Bin
C Compiler:      Armcc.exe V5.06 update 5 (build 528)
Assembler:       Armasm.exe V5.06 update 5 (build 528)
Linker/Locator:  ArmLink.exe V5.06 update 5 (build 528)
Library Manager: ArmAr.exe V5.06 update 5 (build 528)
Hex Converter:   FromElf.exe V5.06 update 5 (build 528)
CPU DLL:         SARMCM3.DLL V5.24.1
Dialog DLL:      DCM.DLL V1.16.0.0
Target DLL:      STLink\ST-LINKIII-KEIL_SWO.dll V3.0.1.0
Dialog DLL:      TCM.DLL V1.32.0.0
 
<h2>Project:</h2>
C:\Users\Lex-alviur\Desktop\New folder\sensorR.uvprojx
Project File Date:  03/12/2018

<h2>Output:</h2>
*** Using Compiler 'V5.06 update 5 (build 528)', folder: 'D:\ARM\ARMCC\Bin'
Rebuild target 'Target 1'
compiling stm32l4xx_it.c...
compiling stm32l4xx_hal_msp.c...
compiling lis331dlh_driver.c...
compiling MAX30101_new.c...
C:\Users\Lex-alviur\Desktop\New folder\max30101_new.h.h(110): warning:  #1-D: last line of file ends without a newline
  int max30101_on(I2C_HandleTypeDef hi2c1);
MAX30101_new.c(31): warning:  #177-D: variable "buffer"  was declared but never referenced
  	uint8_t buffer[MAX30101_MAX_BYTES_PER_SAMPLE];
MAX30101_new.c(34): warning:  #550-D: variable "buffDiff"  was set but never used
  	uint8_t buffDiff[5]={0};
MAX30101_new.c(333): warning:  #940-D: missing return statement at end of non-void function "max30101_init" 
  }
MAX30101_new.c(135): warning:  #177-D: variable "config"  was declared but never referenced
  	const struct max30101_config *config;
MAX30101_new.c(136): warning:  #177-D: variable "data"  was declared but never referenced
  	struct max30101_data *data;
MAX30101_new.c(137): warning:  #177-D: variable "part_id"  was declared but never referenced
  	uint8_t part_id;
MAX30101_new.c(139): warning:  #177-D: variable "led_chan"  was declared but never referenced
  	uint32_t led_chan;	
MAX30101_new.c(140): warning:  #177-D: variable "fifo_chan"  was declared but never referenced
  	int fifo_chan;
MAX30101_new.c(332): warning:  #177-D: variable "max30101_data"  was declared but never referenced
  static struct max30101_data max30101_data;
MAX30101_new.c(358): warning:  #940-D: missing return statement at end of non-void function "max30101_off" 
  }
MAX30101_new.c(382): warning:  #940-D: missing return statement at end of non-void function "max30101_on" 
  }
MAX30101_new.c: 12 warnings, 0 errors
compiling stm32l4xx_hal_cortex.c...
compiling main.c...
C:\Users\Lex-alviur\Desktop\New folder\max30101_new.h.h(110): warning:  #1-D: last line of file ends without a newline
  int max30101_on(I2C_HandleTypeDef hi2c1);
RTE\Device\STM32L476RGTx\STCubeGenerated\Src\main.c(97): warning:  #550-D: variable "errorCode"  was set but never used
  	int errorCode=0;
RTE\Device\STM32L476RGTx\STCubeGenerated\Src\main.c(98): warning:  #550-D: variable "response"  was set but never used
  	uint8_t response;
RTE\Device\STM32L476RGTx\STCubeGenerated\Src\main.c(99): warning:  #177-D: variable "DataReg"  was declared but never referenced
  	uint8_t DataReg[2]={0}; 
RTE\Device\STM32L476RGTx\STCubeGenerated\Src\main.c(103): warning:  #177-D: variable "len"  was declared but never referenced
    uint8_t len = 0x20;
RTE\Device\STM32L476RGTx\STCubeGenerated\Src\main.c(108): warning:  #177-D: variable "returnValue"  was declared but never referenced
  	HAL_StatusTypeDef returnValue;
RTE\Device\STM32L476RGTx\STCubeGenerated\Src\main.c: 6 warnings, 0 errors
compiling stm32l4xx_hal.c...
compiling stm32l4xx_hal_dma.c...
compiling stm32l4xx_hal_dma_ex.c...
compiling stm32l4xx_hal_i2c.c...
compiling stm32l4xx_hal_pwr.c...
compiling stm32l4xx_hal_gpio.c...
assembling startup_stm32l476xx.s...
compiling stm32l4xx_hal_i2c_ex.c...
compiling stm32l4xx_hal_pwr_ex.c...
compiling system_stm32l4xx.c...
compiling stm32l4xx_hal_uart_ex.c...
compiling stm32l4xx_hal_rcc_ex.c...
compiling stm32l4xx_hal_rcc.c...
compiling stm32l4xx_hal_uart.c...
linking...
Program Size: Code=13736 RO-data=496 RW-data=28 ZI-data=1980  
".\Objects\sensorR.axf" - 0 Error(s), 18 Warning(s).

<h2>Software Packages used:</h2>

Package Vendor: ARM
                http://www.keil.com/pack/ARM.CMSIS.5.2.0.pack
                ARM.CMSIS.5.2.0
                CMSIS (Cortex Microcontroller Software Interface Standard)
   * Component: CORE Version: 5.0.2

Package Vendor: Keil
                project-path/Keil.FrameworkCubeMX.1.0.0.pack
                Keil.FrameworkCubeMX.1.0.0
                STM32CubeMX generated pack description
   * Component: STM32CubeMX Version: 1.0.0

Package Vendor: Keil
                http://www.keil.com/pack/Keil.STM32L4xx_DFP.2.0.0.pack
                Keil.STM32L4xx_DFP.2.0.0
                STMicroelectronics STM32L4 Series Device Support, Drivers and Examples
   * Component: Startup Version: 1.3.1
   * Component: UART Version: 1.9.0
   * Component: RCC Version: 1.9.0
   * Component: PWR Version: 1.9.0
   * Component: I2C Version: 1.9.0
   * Component: GPIO Version: 1.9.0
   * Component: DMA Version: 1.9.0
   * Component: Cortex Version: 1.9.0
   * Component: Common Version: 1.9.0
   * Component: STM32Cube Framework Version: 1.0.0

<h2>Collection of Component include folders:</h2>
  .\RTE\Device\STM32L476RGTx
  .\RTE\Device\STM32L476RGTx\Drivers\STM32L4xx_HAL_Driver\Inc
  .\RTE\Device\STM32L476RGTx\STCubeGenerated\Inc
  .\RTE\_Target_1
  D:\ARM\CMSIS\5.2.0\CMSIS\Include
  D:\Keil\STM32L4xx_DFP\2.0.0\Drivers\CMSIS\Device\ST\STM32L4xx\Include
  D:\Keil\STM32L4xx_DFP\2.0.0\Drivers\STM32L4xx_HAL_Driver\Inc
  D:\Keil\STM32L4xx_DFP\2.0.0\Drivers\STM32L4xx_HAL_Driver\Inc\Legacy

<h2>Collection of Component Files used:</h2>

   * Component: Keil::Device:Startup:1.3.1
      Source file:   Drivers\CMSIS\Device\ST\STM32L4xx\Source\Templates\arm\startup_stm32l476xx.s
      Source file:   MDK\Device\Source\ARM\STM32L4xx_DB_OPT.s
      Include file:  Drivers\CMSIS\Device\ST\STM32L4xx\Include\stm32l4xx.h
      Source file:   Drivers\CMSIS\Device\ST\STM32L4xx\Source\Templates\system_stm32l4xx.c

   * Component: Keil::Device:STM32Cube HAL:UART:1.9.0
      Source file:   Drivers\STM32L4xx_HAL_Driver\Src\stm32l4xx_hal_uart.c
      Source file:   Drivers\STM32L4xx_HAL_Driver\Src\stm32l4xx_hal_uart_ex.c

   * Component: Keil::Device:STM32Cube HAL:RCC:1.9.0
      Source file:   Drivers\STM32L4xx_HAL_Driver\Src\stm32l4xx_hal_rcc.c
      Source file:   Drivers\STM32L4xx_HAL_Driver\Src\stm32l4xx_hal_rcc_ex.c

   * Component: Keil::Device:STM32Cube HAL:PWR:1.9.0
      Source file:   Drivers\STM32L4xx_HAL_Driver\Src\stm32l4xx_hal_pwr_ex.c
      Source file:   Drivers\STM32L4xx_HAL_Driver\Src\stm32l4xx_hal_pwr.c

   * Component: Keil::Device:STM32Cube HAL:I2C:1.9.0
      Source file:   Drivers\STM32L4xx_HAL_Driver\Src\stm32l4xx_hal_i2c_ex.c
      Source file:   Drivers\STM32L4xx_HAL_Driver\Src\stm32l4xx_hal_i2c.c

   * Component: Keil::Device:STM32Cube HAL:GPIO:1.9.0
      Source file:   Drivers\STM32L4xx_HAL_Driver\Src\stm32l4xx_hal_gpio.c

   * Component: Keil::Device:STM32Cube HAL:DMA:1.9.0
      Source file:   Drivers\STM32L4xx_HAL_Driver\Src\stm32l4xx_hal_dma_ex.c
      Source file:   Drivers\STM32L4xx_HAL_Driver\Src\stm32l4xx_hal_dma.c

   * Component: Keil::Device:STM32Cube HAL:Cortex:1.9.0
      Source file:   Drivers\STM32L4xx_HAL_Driver\Src\stm32l4xx_hal_cortex.c

   * Component: Keil::Device:STM32Cube HAL:Common:1.9.0
      Source file:   Drivers\STM32L4xx_HAL_Driver\Src\stm32l4xx_hal.c
      Include file:  Drivers\STM32L4xx_HAL_Driver\Inc\stm32l4xx_hal.h

   * Component: Keil::Device:STM32Cube Framework:STM32CubeMX:1.0.0
      Include file:  STCubeGenerated\Inc\stm32l4xx_hal_conf.h
      Source file:   STCubeGenerated\Src\stm32l4xx_hal_msp.c
      Include file:  MX_Device.h

   * Component: ARM::CMSIS:CORE:5.0.2

   * Component: ::Device:STM32Cube Framework:1.0.0 (API)
Build Time Elapsed:  00:00:31
</pre>
</body>
</html>
